

================================================================
== Vivado HLS Report for 'cordic_base'
================================================================
* Date:           Fri Nov 10 12:19:00 2017

* Version:        2017.1 (Build 1846317 on Fri Apr 14 19:19:38 MDT 2017)
* Project:        astroSim
* Solution:       solution1
* Product family: zynquplus
* Target device:  xczu19eg-ffve1924-3-e-es2


================================================================
== Performance Estimates
================================================================
+ Timing (ns): 
    * Summary: 
    +--------+-------+----------+------------+
    |  Clock | Target| Estimated| Uncertainty|
    +--------+-------+----------+------------+
    |ap_clk  |  10.00|      8.12|        1.25|
    +--------+-------+----------+------------+

+ Latency (clock cycles): 
    * Summary: 
    +-----+-----+-----+-----+----------+
    |  Latency  |  Interval | Pipeline |
    | min | max | min | max |   Type   |
    +-----+-----+-----+-----+----------+
    |    4|    4|    1|    1| function |
    +-----+-----+-----+-----+----------+

    + Detail: 
        * Instance: 
        N/A

        * Loop: 
        N/A



================================================================
== Utilization Estimates
================================================================
* Summary: 
+-----------------+---------+-------+---------+--------+-----+
|       Name      | BRAM_18K| DSP48E|    FF   |   LUT  | URAM|
+-----------------+---------+-------+---------+--------+-----+
|DSP              |        -|      -|        -|       -|    -|
|Expression       |        -|      -|        0|    3141|    -|
|FIFO             |        -|      -|        -|       -|    -|
|Instance         |        -|      -|        -|       -|    -|
|Memory           |        -|      -|        -|       -|    -|
|Multiplexer      |        -|      -|        -|       -|    -|
|Register         |        -|      -|     1022|     352|    -|
+-----------------+---------+-------+---------+--------+-----+
|Total            |        0|      0|     1022|    3493|    0|
+-----------------+---------+-------+---------+--------+-----+
|Available        |     1968|   1968|  1045440|  522720|  128|
+-----------------+---------+-------+---------+--------+-----+
|Utilization (%)  |        0|      0|    ~0   |   ~0   |    0|
+-----------------+---------+-------+---------+--------+-----+

+ Detail: 
    * Instance: 
    N/A

    * DSP48: 
    N/A

    * Memory: 
    N/A

    * FIFO: 
    N/A

    * Expression: 
    +-------------------------------+----------+-------+---+----+------------+------------+
    |         Variable Name         | Operation| DSP48E| FF| LUT| Bitwidth P0| Bitwidth P1|
    +-------------------------------+----------+-------+---+----+------------+------------+
    |rem_next_V_fu_168_p2           |     +    |      0|  0|  57|           2|          50|
    |rem_next_V_10_fu_1312_p2       |     -    |      0|  0|  57|          50|          50|
    |rem_next_V_11_fu_1396_p2       |     -    |      0|  0|  57|          50|          50|
    |rem_next_V_12_fu_1476_p2       |     -    |      0|  0|  57|          50|          50|
    |rem_next_V_13_fu_1559_p2       |     -    |      0|  0|  57|          50|          50|
    |rem_next_V_14_fu_1644_p2       |     -    |      0|  0|  57|          50|          50|
    |rem_next_V_15_fu_1729_p2       |     -    |      0|  0|  57|          50|          50|
    |rem_next_V_16_fu_1814_p2       |     -    |      0|  0|  57|          50|          50|
    |rem_next_V_17_fu_1899_p2       |     -    |      0|  0|  57|          50|          50|
    |rem_next_V_18_fu_1983_p2       |     -    |      0|  0|  57|          50|          50|
    |rem_next_V_19_fu_2064_p2       |     -    |      0|  0|  57|          50|          50|
    |rem_next_V_1_fu_244_p2         |     -    |      0|  0|  57|          50|          50|
    |rem_next_V_20_fu_2149_p2       |     -    |      0|  0|  57|          50|          50|
    |rem_next_V_21_fu_2234_p2       |     -    |      0|  0|  57|          50|          50|
    |rem_next_V_22_fu_2319_p2       |     -    |      0|  0|  57|          50|          50|
    |rem_next_V_23_fu_2406_p2       |     -    |      0|  0|  57|          50|          50|
    |rem_next_V_2_fu_338_p2         |     -    |      0|  0|  57|          50|          50|
    |rem_next_V_3_fu_432_p2         |     -    |      0|  0|  57|          50|          50|
    |rem_next_V_4_fu_526_p2         |     -    |      0|  0|  57|          50|          50|
    |rem_next_V_5_fu_620_p2         |     -    |      0|  0|  57|          50|          50|
    |rem_next_V_6_fu_889_p2         |     -    |      0|  0|  57|          50|          50|
    |rem_next_V_7_fu_972_p2         |     -    |      0|  0|  57|          50|          50|
    |rem_next_V_8_fu_1057_p2        |     -    |      0|  0|  57|          50|          50|
    |rem_next_V_9_fu_1142_p2        |     -    |      0|  0|  57|          50|          50|
    |rem_next_V_s_fu_1227_p2        |     -    |      0|  0|  57|          50|          50|
    |ap_return                      |  select  |      0|  0|  25|           1|          25|
    |p_0289_2_i_10_fu_1352_p3       |  select  |      0|  0|  50|           1|          50|
    |p_0289_2_i_11_fu_1409_p3       |  select  |      0|  0|  50|           1|          50|
    |p_0289_2_i_12_fu_1515_p3       |  select  |      0|  0|  50|           1|          50|
    |p_0289_2_i_13_fu_1599_p3       |  select  |      0|  0|  50|           1|          50|
    |p_0289_2_i_14_fu_1684_p3       |  select  |      0|  0|  50|           1|          50|
    |p_0289_2_i_15_fu_1769_p3       |  select  |      0|  0|  50|           1|          50|
    |p_0289_2_i_16_fu_1854_p3       |  select  |      0|  0|  50|           1|          50|
    |p_0289_2_i_17_fu_1939_p3       |  select  |      0|  0|  50|           1|          50|
    |p_0289_2_i_18_fu_2020_p3       |  select  |      0|  0|  50|           1|          50|
    |p_0289_2_i_19_fu_2104_p3       |  select  |      0|  0|  50|           1|          50|
    |p_0289_2_i_1_fu_282_p3         |  select  |      0|  0|  50|           1|          50|
    |p_0289_2_i_20_fu_2189_p3       |  select  |      0|  0|  50|           1|          50|
    |p_0289_2_i_21_fu_2274_p3       |  select  |      0|  0|  50|           1|          50|
    |p_0289_2_i_22_fu_2359_p3       |  select  |      0|  0|  50|           1|          50|
    |p_0289_2_i_2_fu_376_p3         |  select  |      0|  0|  50|           1|          50|
    |p_0289_2_i_3_fu_470_p3         |  select  |      0|  0|  50|           1|          50|
    |p_0289_2_i_4_fu_564_p3         |  select  |      0|  0|  50|           1|          50|
    |p_0289_2_i_5_fu_634_p3         |  select  |      0|  0|  50|           1|          50|
    |p_0289_2_i_6_fu_928_p3         |  select  |      0|  0|  50|           1|          50|
    |p_0289_2_i_7_fu_1012_p3        |  select  |      0|  0|  50|           1|          50|
    |p_0289_2_i_8_fu_1097_p3        |  select  |      0|  0|  50|           1|          50|
    |p_0289_2_i_9_fu_1182_p3        |  select  |      0|  0|  50|           1|          50|
    |p_0289_2_i_s_fu_1267_p3        |  select  |      0|  0|  50|           1|          50|
    |p_Result_29_0_rem_s_fu_188_p3  |  select  |      0|  0|  50|           1|          50|
    |sqrt_int_2_10_fu_1676_p3       |  select  |      0|  0|  25|           1|          25|
    |sqrt_int_2_11_fu_1761_p3       |  select  |      0|  0|  25|           1|          25|
    |sqrt_int_2_12_fu_1846_p3       |  select  |      0|  0|  25|           1|          25|
    |sqrt_int_2_13_fu_1931_p3       |  select  |      0|  0|  25|           1|          25|
    |sqrt_int_2_14_fu_2012_p3       |  select  |      0|  0|  25|           1|          25|
    |sqrt_int_2_15_fu_2096_p3       |  select  |      0|  0|  25|           1|          25|
    |sqrt_int_2_16_fu_2181_p3       |  select  |      0|  0|  25|           1|          25|
    |sqrt_int_2_17_fu_2266_p3       |  select  |      0|  0|  25|           1|          25|
    |sqrt_int_2_18_fu_2351_p3       |  select  |      0|  0|  25|           1|          25|
    |sqrt_int_2_1_fu_1344_p3        |  select  |      0|  0|  25|           1|          25|
    |sqrt_int_2_1_v_fu_274_p3       |  select  |      0|  0|   2|           1|           2|
    |sqrt_int_2_2_fu_1455_p3        |  select  |      0|  0|  25|           1|          25|
    |sqrt_int_2_2_v_fu_368_p3       |  select  |      0|  0|   3|           1|           3|
    |sqrt_int_2_3_fu_1507_p3        |  select  |      0|  0|  25|           1|          25|
    |sqrt_int_2_3_v_fu_462_p3       |  select  |      0|  0|   4|           1|           4|
    |sqrt_int_2_4_fu_1591_p3        |  select  |      0|  0|  25|           1|          25|
    |sqrt_int_2_4_v_fu_556_p3       |  select  |      0|  0|   5|           1|           5|
    |sqrt_int_2_5_fu_868_p3         |  select  |      0|  0|  25|           1|          25|
    |sqrt_int_2_6_fu_920_p3         |  select  |      0|  0|  25|           1|          25|
    |sqrt_int_2_7_fu_1004_p3        |  select  |      0|  0|  25|           1|          25|
    |sqrt_int_2_8_fu_1089_p3        |  select  |      0|  0|  25|           1|          25|
    |sqrt_int_2_9_fu_1174_p3        |  select  |      0|  0|  25|           1|          25|
    |sqrt_int_2_s_fu_1259_p3        |  select  |      0|  0|  25|           1|          25|
    |not_Result_3_fu_182_p2         |    xor   |      0|  0|   2|           1|           2|
    +-------------------------------+----------+-------+---+----+------------+------------+
    |Total                          |          |      0|  0|3141|        1251|        2966|
    +-------------------------------+----------+-------+---+----+------------+------------+

    * Multiplexer: 
    N/A

    * Register: 
    +----------------------------------------+----+----+-----+-----------+
    |                  Name                  | FF | LUT| Bits| Const Bits|
    +----------------------------------------+----+----+-----+-----------+
    |ap_reg_pp0_iter1_tmp_60_reg_2498        |   2|   0|    2|          0|
    |ap_reg_pp0_iter2_sqrt_int_2_1_reg_2553  |  12|   0|   25|         13|
    |p_Result_29_11_reg_2559                 |  50|   0|   50|          0|
    |p_Result_29_12_reg_2575                 |  50|   0|   50|          0|
    |p_Result_29_18_reg_2587                 |  50|   0|   50|          0|
    |p_Result_29_6_reg_2462                  |  50|   0|   50|          0|
    |sqrt_int_2_13_reg_2581                  |  19|   0|   25|          6|
    |sqrt_int_2_1_reg_2553                   |  12|   0|   25|         13|
    |sqrt_int_2_4_v_reg_2451                 |   5|   0|    5|          0|
    |tmp_100_reg_2538                        |   2|   0|    2|          0|
    |tmp_105_reg_2543                        |   2|   0|    2|          0|
    |tmp_110_reg_2548                        |   2|   0|    2|          0|
    |tmp_1160_reg_2446                       |   1|   0|    1|          0|
    |tmp_1178_reg_2457                       |   1|   0|    1|          0|
    |tmp_1211_reg_2565                       |  12|   0|   23|         11|
    |tmp_1214_reg_2570                       |   1|   0|    1|          0|
    |tmp_1246_reg_2593                       |  19|   0|   23|          4|
    |tmp_30_reg_2468                         |   2|   0|    2|          0|
    |tmp_35_reg_2473                         |   2|   0|    2|          0|
    |tmp_40_reg_2478                         |   2|   0|    2|          0|
    |tmp_45_reg_2483                         |   2|   0|    2|          0|
    |tmp_50_reg_2488                         |   2|   0|    2|          0|
    |tmp_55_reg_2493                         |   2|   0|    2|          0|
    |tmp_60_reg_2498                         |   2|   0|    2|          0|
    |tmp_65_reg_2503                         |   2|   0|    2|          0|
    |tmp_70_reg_2508                         |   2|   0|    2|          0|
    |tmp_75_reg_2513                         |   2|   0|    2|          0|
    |tmp_80_reg_2518                         |   2|   0|    2|          0|
    |tmp_85_reg_2523                         |   2|   0|    2|          0|
    |tmp_90_reg_2528                         |   2|   0|    2|          0|
    |tmp_95_reg_2533                         |   2|   0|    2|          0|
    |tmp_100_reg_2538                        |  64|  32|    2|          0|
    |tmp_105_reg_2543                        |  64|  32|    2|          0|
    |tmp_110_reg_2548                        |  64|  32|    2|          0|
    |tmp_1160_reg_2446                       |  64|  32|    1|          0|
    |tmp_65_reg_2503                         |  64|  32|    2|          0|
    |tmp_70_reg_2508                         |  64|  32|    2|          0|
    |tmp_75_reg_2513                         |  64|  32|    2|          0|
    |tmp_80_reg_2518                         |  64|  32|    2|          0|
    |tmp_85_reg_2523                         |  64|  32|    2|          0|
    |tmp_90_reg_2528                         |  64|  32|    2|          0|
    |tmp_95_reg_2533                         |  64|  32|    2|          0|
    +----------------------------------------+----+----+-----+-----------+
    |Total                                   |1022| 352|  386|         47|
    +----------------------------------------+----+----+-----+-----------+



================================================================
== Interface
================================================================
* Summary: 
+---------------------+-----+-----+------------+---------------------+--------------+
|      RTL Ports      | Dir | Bits|  Protocol  |    Source Object    |    C Type    |
+---------------------+-----+-----+------------+---------------------+--------------+
|ap_clk               |  in |    1| ap_ctrl_hs |     cordic_base     | return value |
|ap_rst               |  in |    1| ap_ctrl_hs |     cordic_base     | return value |
|ap_return            | out |   25| ap_ctrl_hs |     cordic_base     | return value |
|ap_ce                |  in |    1| ap_ctrl_hs |     cordic_base     | return value |
|inputData_in_V_read  |  in |   48|   ap_none  | inputData_in_V_read |    scalar    |
+---------------------+-----+-----+------------+---------------------+--------------+

