

================================================================
== Vivado HLS Report for 'to_double'
================================================================
* Date:           Fri Nov 10 12:19:00 2017

* Version:        2017.1 (Build 1846317 on Fri Apr 14 19:19:38 MDT 2017)
* Project:        astroSim
* Solution:       solution1
* Product family: zynquplus
* Target device:  xczu19eg-ffve1924-3-e-es2


================================================================
== Performance Estimates
================================================================
+ Timing (ns): 
    * Summary: 
    +--------+-------+----------+------------+
    |  Clock | Target| Estimated| Uncertainty|
    +--------+-------+----------+------------+
    |ap_clk  |  10.00|      0.00|        1.25|
    +--------+-------+----------+------------+

+ Latency (clock cycles): 
    * Summary: 
    +-----+-----+-----+-----+----------+
    |  Latency  |  Interval | Pipeline |
    | min | max | min | max |   Type   |
    +-----+-----+-----+-----+----------+
    |    0|    0|    1|    1| function |
    +-----+-----+-----+-----+----------+

    + Detail: 
        * Instance: 
        N/A

        * Loop: 
        N/A



================================================================
== Utilization Estimates
================================================================
* Summary: 
+-----------------+---------+-------+---------+--------+-----+
|       Name      | BRAM_18K| DSP48E|    FF   |   LUT  | URAM|
+-----------------+---------+-------+---------+--------+-----+
|DSP              |        -|      -|        -|       -|    -|
|Expression       |        -|      -|        -|       -|    -|
|FIFO             |        -|      -|        -|       -|    -|
|Instance         |        -|      -|        -|       -|    -|
|Memory           |        -|      -|        -|       -|    -|
|Multiplexer      |        -|      -|        -|       -|    -|
|Register         |        -|      -|        -|       -|    -|
+-----------------+---------+-------+---------+--------+-----+
|Total            |        0|      0|        0|       0|    0|
+-----------------+---------+-------+---------+--------+-----+
|Available        |     1968|   1968|  1045440|  522720|  128|
+-----------------+---------+-------+---------+--------+-----+
|Utilization (%)  |        0|      0|        0|       0|    0|
+-----------------+---------+-------+---------+--------+-----+

+ Detail: 
    * Instance: 
    N/A

    * DSP48: 
    N/A

    * Memory: 
    N/A

    * FIFO: 
    N/A

    * Expression: 
    N/A

    * Multiplexer: 
    N/A

    * Register: 
    N/A



================================================================
== Interface
================================================================
* Summary: 
+-----------------+-----+-----+---------+--------------+---------+
|    RTL Ports    | Dir | Bits| Protocol| Source Object|  C Type |
+-----------------+-----+-----+---------+--------------+---------+
|p_x_V_0          | out |   27|  ap_vld |    p_x_V_0   | pointer |
|p_x_V_0_ap_vld   | out |    1|  ap_vld |    p_x_V_0   | pointer |
|p_y_V_0          | out |   27|  ap_vld |    p_y_V_0   | pointer |
|p_y_V_0_ap_vld   | out |    1|  ap_vld |    p_y_V_0   | pointer |
|p_z_V_0          | out |   27|  ap_vld |    p_z_V_0   | pointer |
|p_z_V_0_ap_vld   | out |    1|  ap_vld |    p_z_V_0   | pointer |
|p_vx_V_0         | out |   27|  ap_vld |   p_vx_V_0   | pointer |
|p_vx_V_0_ap_vld  | out |    1|  ap_vld |   p_vx_V_0   | pointer |
|p_vy_V_0         | out |   27|  ap_vld |   p_vy_V_0   | pointer |
|p_vy_V_0_ap_vld  | out |    1|  ap_vld |   p_vy_V_0   | pointer |
|p_vz_V_0         | out |   27|  ap_vld |   p_vz_V_0   | pointer |
|p_vz_V_0_ap_vld  | out |    1|  ap_vld |   p_vz_V_0   | pointer |
|p_x_V_1          | out |   27|  ap_vld |    p_x_V_1   | pointer |
|p_x_V_1_ap_vld   | out |    1|  ap_vld |    p_x_V_1   | pointer |
|p_y_V_1          | out |   27|  ap_vld |    p_y_V_1   | pointer |
|p_y_V_1_ap_vld   | out |    1|  ap_vld |    p_y_V_1   | pointer |
|p_z_V_1          | out |   27|  ap_vld |    p_z_V_1   | pointer |
|p_z_V_1_ap_vld   | out |    1|  ap_vld |    p_z_V_1   | pointer |
|p_vx_V_1         | out |   27|  ap_vld |   p_vx_V_1   | pointer |
|p_vx_V_1_ap_vld  | out |    1|  ap_vld |   p_vx_V_1   | pointer |
|p_vy_V_1         | out |   27|  ap_vld |   p_vy_V_1   | pointer |
|p_vy_V_1_ap_vld  | out |    1|  ap_vld |   p_vy_V_1   | pointer |
|p_vz_V_1         | out |   27|  ap_vld |   p_vz_V_1   | pointer |
|p_vz_V_1_ap_vld  | out |    1|  ap_vld |   p_vz_V_1   | pointer |
|p_x_V_2          | out |   27|  ap_vld |    p_x_V_2   | pointer |
|p_x_V_2_ap_vld   | out |    1|  ap_vld |    p_x_V_2   | pointer |
|p_y_V_2          | out |   27|  ap_vld |    p_y_V_2   | pointer |
|p_y_V_2_ap_vld   | out |    1|  ap_vld |    p_y_V_2   | pointer |
|p_z_V_2          | out |   27|  ap_vld |    p_z_V_2   | pointer |
|p_z_V_2_ap_vld   | out |    1|  ap_vld |    p_z_V_2   | pointer |
|p_vx_V_2         | out |   27|  ap_vld |   p_vx_V_2   | pointer |
|p_vx_V_2_ap_vld  | out |    1|  ap_vld |   p_vx_V_2   | pointer |
|p_vy_V_2         | out |   27|  ap_vld |   p_vy_V_2   | pointer |
|p_vy_V_2_ap_vld  | out |    1|  ap_vld |   p_vy_V_2   | pointer |
|p_vz_V_2         | out |   27|  ap_vld |   p_vz_V_2   | pointer |
|p_vz_V_2_ap_vld  | out |    1|  ap_vld |   p_vz_V_2   | pointer |
|p_x_V_3          | out |   27|  ap_vld |    p_x_V_3   | pointer |
|p_x_V_3_ap_vld   | out |    1|  ap_vld |    p_x_V_3   | pointer |
|p_y_V_3          | out |   27|  ap_vld |    p_y_V_3   | pointer |
|p_y_V_3_ap_vld   | out |    1|  ap_vld |    p_y_V_3   | pointer |
|p_z_V_3          | out |   27|  ap_vld |    p_z_V_3   | pointer |
|p_z_V_3_ap_vld   | out |    1|  ap_vld |    p_z_V_3   | pointer |
|p_vx_V_3         | out |   27|  ap_vld |   p_vx_V_3   | pointer |
|p_vx_V_3_ap_vld  | out |    1|  ap_vld |   p_vx_V_3   | pointer |
|p_vy_V_3         | out |   27|  ap_vld |   p_vy_V_3   | pointer |
|p_vy_V_3_ap_vld  | out |    1|  ap_vld |   p_vy_V_3   | pointer |
|p_vz_V_3         | out |   27|  ap_vld |   p_vz_V_3   | pointer |
|p_vz_V_3_ap_vld  | out |    1|  ap_vld |   p_vz_V_3   | pointer |
|p_x_V_4          | out |   27|  ap_vld |    p_x_V_4   | pointer |
|p_x_V_4_ap_vld   | out |    1|  ap_vld |    p_x_V_4   | pointer |
|p_y_V_4          | out |   27|  ap_vld |    p_y_V_4   | pointer |
|p_y_V_4_ap_vld   | out |    1|  ap_vld |    p_y_V_4   | pointer |
|p_z_V_4          | out |   27|  ap_vld |    p_z_V_4   | pointer |
|p_z_V_4_ap_vld   | out |    1|  ap_vld |    p_z_V_4   | pointer |
|p_vx_V_4         | out |   27|  ap_vld |   p_vx_V_4   | pointer |
|p_vx_V_4_ap_vld  | out |    1|  ap_vld |   p_vx_V_4   | pointer |
|p_vy_V_4         | out |   27|  ap_vld |   p_vy_V_4   | pointer |
|p_vy_V_4_ap_vld  | out |    1|  ap_vld |   p_vy_V_4   | pointer |
|p_vz_V_4         | out |   27|  ap_vld |   p_vz_V_4   | pointer |
|p_vz_V_4_ap_vld  | out |    1|  ap_vld |   p_vz_V_4   | pointer |
|p_x_V_5          | out |   27|  ap_vld |    p_x_V_5   | pointer |
|p_x_V_5_ap_vld   | out |    1|  ap_vld |    p_x_V_5   | pointer |
|p_y_V_5          | out |   27|  ap_vld |    p_y_V_5   | pointer |
|p_y_V_5_ap_vld   | out |    1|  ap_vld |    p_y_V_5   | pointer |
|p_z_V_5          | out |   27|  ap_vld |    p_z_V_5   | pointer |
|p_z_V_5_ap_vld   | out |    1|  ap_vld |    p_z_V_5   | pointer |
|p_vx_V_5         | out |   27|  ap_vld |   p_vx_V_5   | pointer |
|p_vx_V_5_ap_vld  | out |    1|  ap_vld |   p_vx_V_5   | pointer |
|p_vy_V_5         | out |   27|  ap_vld |   p_vy_V_5   | pointer |
|p_vy_V_5_ap_vld  | out |    1|  ap_vld |   p_vy_V_5   | pointer |
|p_vz_V_5         | out |   27|  ap_vld |   p_vz_V_5   | pointer |
|p_vz_V_5_ap_vld  | out |    1|  ap_vld |   p_vz_V_5   | pointer |
|p_x_V_6          | out |   27|  ap_vld |    p_x_V_6   | pointer |
|p_x_V_6_ap_vld   | out |    1|  ap_vld |    p_x_V_6   | pointer |
|p_y_V_6          | out |   27|  ap_vld |    p_y_V_6   | pointer |
|p_y_V_6_ap_vld   | out |    1|  ap_vld |    p_y_V_6   | pointer |
|p_z_V_6          | out |   27|  ap_vld |    p_z_V_6   | pointer |
|p_z_V_6_ap_vld   | out |    1|  ap_vld |    p_z_V_6   | pointer |
|p_vx_V_6         | out |   27|  ap_vld |   p_vx_V_6   | pointer |
|p_vx_V_6_ap_vld  | out |    1|  ap_vld |   p_vx_V_6   | pointer |
|p_vy_V_6         | out |   27|  ap_vld |   p_vy_V_6   | pointer |
|p_vy_V_6_ap_vld  | out |    1|  ap_vld |   p_vy_V_6   | pointer |
|p_vz_V_6         | out |   27|  ap_vld |   p_vz_V_6   | pointer |
|p_vz_V_6_ap_vld  | out |    1|  ap_vld |   p_vz_V_6   | pointer |
|p_x_V_7          | out |   27|  ap_vld |    p_x_V_7   | pointer |
|p_x_V_7_ap_vld   | out |    1|  ap_vld |    p_x_V_7   | pointer |
|p_y_V_7          | out |   27|  ap_vld |    p_y_V_7   | pointer |
|p_y_V_7_ap_vld   | out |    1|  ap_vld |    p_y_V_7   | pointer |
|p_z_V_7          | out |   27|  ap_vld |    p_z_V_7   | pointer |
|p_z_V_7_ap_vld   | out |    1|  ap_vld |    p_z_V_7   | pointer |
|p_vx_V_7         | out |   27|  ap_vld |   p_vx_V_7   | pointer |
|p_vx_V_7_ap_vld  | out |    1|  ap_vld |   p_vx_V_7   | pointer |
|p_vy_V_7         | out |   27|  ap_vld |   p_vy_V_7   | pointer |
|p_vy_V_7_ap_vld  | out |    1|  ap_vld |   p_vy_V_7   | pointer |
|p_vz_V_7         | out |   27|  ap_vld |   p_vz_V_7   | pointer |
|p_vz_V_7_ap_vld  | out |    1|  ap_vld |   p_vz_V_7   | pointer |
|p_x_V_8          | out |   27|  ap_vld |    p_x_V_8   | pointer |
|p_x_V_8_ap_vld   | out |    1|  ap_vld |    p_x_V_8   | pointer |
|p_y_V_8          | out |   27|  ap_vld |    p_y_V_8   | pointer |
|p_y_V_8_ap_vld   | out |    1|  ap_vld |    p_y_V_8   | pointer |
|p_z_V_8          | out |   27|  ap_vld |    p_z_V_8   | pointer |
|p_z_V_8_ap_vld   | out |    1|  ap_vld |    p_z_V_8   | pointer |
|p_vx_V_8         | out |   27|  ap_vld |   p_vx_V_8   | pointer |
|p_vx_V_8_ap_vld  | out |    1|  ap_vld |   p_vx_V_8   | pointer |
|p_vy_V_8         | out |   27|  ap_vld |   p_vy_V_8   | pointer |
|p_vy_V_8_ap_vld  | out |    1|  ap_vld |   p_vy_V_8   | pointer |
|p_vz_V_8         | out |   27|  ap_vld |   p_vz_V_8   | pointer |
|p_vz_V_8_ap_vld  | out |    1|  ap_vld |   p_vz_V_8   | pointer |
+-----------------+-----+-----+---------+--------------+---------+

============================================================
+ Verbose Summary: Synthesis Manager
============================================================
InlineROM: 1
ExposeGlobal: 0
============================================================
+ Verbose Summary: CDFG Model
============================================================
IsTopModel: 0
ResetActiveHigh: 1
IsCombinational: 1
IsDatapathOnly: 2
HasWiredReturn: 1
HasMFsm: 2
HasVarLatency: 0
IsPipeline: 1
IsRtlPipelined: 0
IsInstanceOverlapped: 0
IsDontTouch: 0
HasImplIP: 0
IsGatedGlobalClock: 0

+ Individual pipeline summary: 
  * Pipeline-0: initiation interval (II) = 1, depth = 1


============================================================
+ Verbose Summary: Schedule
============================================================
* Number of FSM states: 1
* Pipeline: 1
  Pipeline-0: II = 1, D = 1, States = { 1 }
* Dataflow Pipeline: 0

* FSM state transitions: 
1 --> 
* FSM state operations: 

 <State 1>: 0.00ns
ST_1: StgValue_2 (55)  [1/1] 0.00ns  loc: astro.cpp:87
:0  store i27 0, i27* @p_x_V_0, align 16

ST_1: StgValue_3 (56)  [1/1] 0.00ns  loc: astro.cpp:88
:1  store i27 0, i27* @p_y_V_0, align 16

ST_1: StgValue_4 (57)  [1/1] 0.00ns  loc: astro.cpp:89
:2  store i27 0, i27* @p_z_V_0, align 16

ST_1: StgValue_5 (58)  [1/1] 0.00ns  loc: astro.cpp:90
:3  store i27 0, i27* @p_vx_V_0, align 16

ST_1: StgValue_6 (59)  [1/1] 0.00ns  loc: astro.cpp:91
:4  store i27 0, i27* @p_vy_V_0, align 16

ST_1: StgValue_7 (60)  [1/1] 0.00ns  loc: astro.cpp:92
:5  store i27 0, i27* @p_vz_V_0, align 16

ST_1: StgValue_8 (61)  [1/1] 0.00ns  loc: astro.cpp:87
:6  store i27 0, i27* @p_x_V_1, align 8

ST_1: StgValue_9 (62)  [1/1] 0.00ns  loc: astro.cpp:88
:7  store i27 0, i27* @p_y_V_1, align 4

ST_1: StgValue_10 (63)  [1/1] 0.00ns  loc: astro.cpp:89
:8  store i27 0, i27* @p_z_V_1, align 8

ST_1: StgValue_11 (64)  [1/1] 0.00ns  loc: astro.cpp:90
:9  store i27 0, i27* @p_vx_V_1, align 4

ST_1: StgValue_12 (65)  [1/1] 0.00ns  loc: astro.cpp:91
:10  store i27 0, i27* @p_vy_V_1, align 8

ST_1: StgValue_13 (66)  [1/1] 0.00ns  loc: astro.cpp:92
:11  store i27 0, i27* @p_vz_V_1, align 4

ST_1: StgValue_14 (67)  [1/1] 0.00ns  loc: astro.cpp:87
:12  store i27 0, i27* @p_x_V_2, align 8

ST_1: StgValue_15 (68)  [1/1] 0.00ns  loc: astro.cpp:88
:13  store i27 0, i27* @p_y_V_2, align 8

ST_1: StgValue_16 (69)  [1/1] 0.00ns  loc: astro.cpp:89
:14  store i27 0, i27* @p_z_V_2, align 8

ST_1: StgValue_17 (70)  [1/1] 0.00ns  loc: astro.cpp:90
:15  store i27 0, i27* @p_vx_V_2, align 8

ST_1: StgValue_18 (71)  [1/1] 0.00ns  loc: astro.cpp:91
:16  store i27 0, i27* @p_vy_V_2, align 8

ST_1: StgValue_19 (72)  [1/1] 0.00ns  loc: astro.cpp:92
:17  store i27 0, i27* @p_vz_V_2, align 8

ST_1: StgValue_20 (73)  [1/1] 0.00ns  loc: astro.cpp:87
:18  store i27 0, i27* @p_x_V_3, align 8

ST_1: StgValue_21 (74)  [1/1] 0.00ns  loc: astro.cpp:88
:19  store i27 0, i27* @p_y_V_3, align 4

ST_1: StgValue_22 (75)  [1/1] 0.00ns  loc: astro.cpp:89
:20  store i27 0, i27* @p_z_V_3, align 8

ST_1: StgValue_23 (76)  [1/1] 0.00ns  loc: astro.cpp:90
:21  store i27 0, i27* @p_vx_V_3, align 4

ST_1: StgValue_24 (77)  [1/1] 0.00ns  loc: astro.cpp:91
:22  store i27 0, i27* @p_vy_V_3, align 8

ST_1: StgValue_25 (78)  [1/1] 0.00ns  loc: astro.cpp:92
:23  store i27 0, i27* @p_vz_V_3, align 4

ST_1: StgValue_26 (79)  [1/1] 0.00ns  loc: astro.cpp:87
:24  store i27 0, i27* @p_x_V_4, align 16

ST_1: StgValue_27 (80)  [1/1] 0.00ns  loc: astro.cpp:88
:25  store i27 0, i27* @p_y_V_4, align 16

ST_1: StgValue_28 (81)  [1/1] 0.00ns  loc: astro.cpp:89
:26  store i27 0, i27* @p_z_V_4, align 16

ST_1: StgValue_29 (82)  [1/1] 0.00ns  loc: astro.cpp:90
:27  store i27 0, i27* @p_vx_V_4, align 16

ST_1: StgValue_30 (83)  [1/1] 0.00ns  loc: astro.cpp:91
:28  store i27 0, i27* @p_vy_V_4, align 16

ST_1: StgValue_31 (84)  [1/1] 0.00ns  loc: astro.cpp:92
:29  store i27 0, i27* @p_vz_V_4, align 16

ST_1: StgValue_32 (85)  [1/1] 0.00ns  loc: astro.cpp:87
:30  store i27 0, i27* @p_x_V_5, align 8

ST_1: StgValue_33 (86)  [1/1] 0.00ns  loc: astro.cpp:88
:31  store i27 0, i27* @p_y_V_5, align 4

ST_1: StgValue_34 (87)  [1/1] 0.00ns  loc: astro.cpp:89
:32  store i27 0, i27* @p_z_V_5, align 8

ST_1: StgValue_35 (88)  [1/1] 0.00ns  loc: astro.cpp:90
:33  store i27 0, i27* @p_vx_V_5, align 4

ST_1: StgValue_36 (89)  [1/1] 0.00ns  loc: astro.cpp:91
:34  store i27 0, i27* @p_vy_V_5, align 8

ST_1: StgValue_37 (90)  [1/1] 0.00ns  loc: astro.cpp:92
:35  store i27 0, i27* @p_vz_V_5, align 4

ST_1: StgValue_38 (91)  [1/1] 0.00ns  loc: astro.cpp:87
:36  store i27 0, i27* @p_x_V_6, align 8

ST_1: StgValue_39 (92)  [1/1] 0.00ns  loc: astro.cpp:88
:37  store i27 0, i27* @p_y_V_6, align 8

ST_1: StgValue_40 (93)  [1/1] 0.00ns  loc: astro.cpp:89
:38  store i27 0, i27* @p_z_V_6, align 8

ST_1: StgValue_41 (94)  [1/1] 0.00ns  loc: astro.cpp:90
:39  store i27 0, i27* @p_vx_V_6, align 8

ST_1: StgValue_42 (95)  [1/1] 0.00ns  loc: astro.cpp:91
:40  store i27 0, i27* @p_vy_V_6, align 8

ST_1: StgValue_43 (96)  [1/1] 0.00ns  loc: astro.cpp:92
:41  store i27 0, i27* @p_vz_V_6, align 8

ST_1: StgValue_44 (97)  [1/1] 0.00ns  loc: astro.cpp:87
:42  store i27 0, i27* @p_x_V_7, align 8

ST_1: StgValue_45 (98)  [1/1] 0.00ns  loc: astro.cpp:88
:43  store i27 0, i27* @p_y_V_7, align 4

ST_1: StgValue_46 (99)  [1/1] 0.00ns  loc: astro.cpp:89
:44  store i27 0, i27* @p_z_V_7, align 8

ST_1: StgValue_47 (100)  [1/1] 0.00ns  loc: astro.cpp:90
:45  store i27 0, i27* @p_vx_V_7, align 4

ST_1: StgValue_48 (101)  [1/1] 0.00ns  loc: astro.cpp:91
:46  store i27 0, i27* @p_vy_V_7, align 8

ST_1: StgValue_49 (102)  [1/1] 0.00ns  loc: astro.cpp:92
:47  store i27 0, i27* @p_vz_V_7, align 4

ST_1: StgValue_50 (103)  [1/1] 0.00ns  loc: astro.cpp:87
:48  store i27 0, i27* @p_x_V_8, align 16

ST_1: StgValue_51 (104)  [1/1] 0.00ns  loc: astro.cpp:88
:49  store i27 0, i27* @p_y_V_8, align 16

ST_1: StgValue_52 (105)  [1/1] 0.00ns  loc: astro.cpp:89
:50  store i27 0, i27* @p_z_V_8, align 16

ST_1: StgValue_53 (106)  [1/1] 0.00ns  loc: astro.cpp:90
:51  store i27 0, i27* @p_vx_V_8, align 16

ST_1: StgValue_54 (107)  [1/1] 0.00ns  loc: astro.cpp:91
:52  store i27 0, i27* @p_vy_V_8, align 16

ST_1: StgValue_55 (108)  [1/1] 0.00ns  loc: astro.cpp:92
:53  store i27 0, i27* @p_vz_V_8, align 16

ST_1: StgValue_56 (109)  [1/1] 0.00ns  loc: astro.cpp:94
:54  ret void



============================================================
+ Verbose Summary: Binding
============================================================
STG Binding: 
---------------- STG Properties BEGIN ----------------
- Is combinational: 1
- Is one-state seq: 0
- Is datapath-only: 0
- Is pipelined: 1
- Is top level: 0
Port [ Return ] is wired: 1; IO mode=ap_ctrl_hs:ce=0
Port [ p_x_V_0]:  wired=1; compound=0; hidden=0; nouse=0; global=1; static=0; extern=0; dir=1; type=0; pingpong=0; private_global=0; linkage=0; visibility=0; IO mode=ap_vld:ce=0
Port [ p_y_V_0]:  wired=1; compound=0; hidden=0; nouse=0; global=1; static=0; extern=0; dir=1; type=0; pingpong=0; private_global=0; linkage=0; visibility=0; IO mode=ap_vld:ce=0
Port [ p_z_V_0]:  wired=1; compound=0; hidden=0; nouse=0; global=1; static=0; extern=0; dir=1; type=0; pingpong=0; private_global=0; linkage=0; visibility=0; IO mode=ap_vld:ce=0
Port [ p_vx_V_0]:  wired=1; compound=0; hidden=0; nouse=0; global=1; static=0; extern=0; dir=1; type=0; pingpong=0; private_global=0; linkage=0; visibility=0; IO mode=ap_vld:ce=0
Port [ p_vy_V_0]:  wired=1; compound=0; hidden=0; nouse=0; global=1; static=0; extern=0; dir=1; type=0; pingpong=0; private_global=0; linkage=0; visibility=0; IO mode=ap_vld:ce=0
Port [ p_vz_V_0]:  wired=1; compound=0; hidden=0; nouse=0; global=1; static=0; extern=0; dir=1; type=0; pingpong=0; private_global=0; linkage=0; visibility=0; IO mode=ap_vld:ce=0
Port [ p_x_V_1]:  wired=1; compound=0; hidden=0; nouse=0; global=1; static=0; extern=0; dir=1; type=0; pingpong=0; private_global=0; linkage=0; visibility=0; IO mode=ap_vld:ce=0
Port [ p_y_V_1]:  wired=1; compound=0; hidden=0; nouse=0; global=1; static=0; extern=0; dir=1; type=0; pingpong=0; private_global=0; linkage=0; visibility=0; IO mode=ap_vld:ce=0
Port [ p_z_V_1]:  wired=1; compound=0; hidden=0; nouse=0; global=1; static=0; extern=0; dir=1; type=0; pingpong=0; private_global=0; linkage=0; visibility=0; IO mode=ap_vld:ce=0
Port [ p_vx_V_1]:  wired=1; compound=0; hidden=0; nouse=0; global=1; static=0; extern=0; dir=1; type=0; pingpong=0; private_global=0; linkage=0; visibility=0; IO mode=ap_vld:ce=0
Port [ p_vy_V_1]:  wired=1; compound=0; hidden=0; nouse=0; global=1; static=0; extern=0; dir=1; type=0; pingpong=0; private_global=0; linkage=0; visibility=0; IO mode=ap_vld:ce=0
Port [ p_vz_V_1]:  wired=1; compound=0; hidden=0; nouse=0; global=1; static=0; extern=0; dir=1; type=0; pingpong=0; private_global=0; linkage=0; visibility=0; IO mode=ap_vld:ce=0
Port [ p_x_V_2]:  wired=1; compound=0; hidden=0; nouse=0; global=1; static=0; extern=0; dir=1; type=0; pingpong=0; private_global=0; linkage=0; visibility=0; IO mode=ap_vld:ce=0
Port [ p_y_V_2]:  wired=1; compound=0; hidden=0; nouse=0; global=1; static=0; extern=0; dir=1; type=0; pingpong=0; private_global=0; linkage=0; visibility=0; IO mode=ap_vld:ce=0
Port [ p_z_V_2]:  wired=1; compound=0; hidden=0; nouse=0; global=1; static=0; extern=0; dir=1; type=0; pingpong=0; private_global=0; linkage=0; visibility=0; IO mode=ap_vld:ce=0
Port [ p_vx_V_2]:  wired=1; compound=0; hidden=0; nouse=0; global=1; static=0; extern=0; dir=1; type=0; pingpong=0; private_global=0; linkage=0; visibility=0; IO mode=ap_vld:ce=0
Port [ p_vy_V_2]:  wired=1; compound=0; hidden=0; nouse=0; global=1; static=0; extern=0; dir=1; type=0; pingpong=0; private_global=0; linkage=0; visibility=0; IO mode=ap_vld:ce=0
Port [ p_vz_V_2]:  wired=1; compound=0; hidden=0; nouse=0; global=1; static=0; extern=0; dir=1; type=0; pingpong=0; private_global=0; linkage=0; visibility=0; IO mode=ap_vld:ce=0
Port [ p_x_V_3]:  wired=1; compound=0; hidden=0; nouse=0; global=1; static=0; extern=0; dir=1; type=0; pingpong=0; private_global=0; linkage=0; visibility=0; IO mode=ap_vld:ce=0
Port [ p_y_V_3]:  wired=1; compound=0; hidden=0; nouse=0; global=1; static=0; extern=0; dir=1; type=0; pingpong=0; private_global=0; linkage=0; visibility=0; IO mode=ap_vld:ce=0
Port [ p_z_V_3]:  wired=1; compound=0; hidden=0; nouse=0; global=1; static=0; extern=0; dir=1; type=0; pingpong=0; private_global=0; linkage=0; visibility=0; IO mode=ap_vld:ce=0
Port [ p_vx_V_3]:  wired=1; compound=0; hidden=0; nouse=0; global=1; static=0; extern=0; dir=1; type=0; pingpong=0; private_global=0; linkage=0; visibility=0; IO mode=ap_vld:ce=0
Port [ p_vy_V_3]:  wired=1; compound=0; hidden=0; nouse=0; global=1; static=0; extern=0; dir=1; type=0; pingpong=0; private_global=0; linkage=0; visibility=0; IO mode=ap_vld:ce=0
Port [ p_vz_V_3]:  wired=1; compound=0; hidden=0; nouse=0; global=1; static=0; extern=0; dir=1; type=0; pingpong=0; private_global=0; linkage=0; visibility=0; IO mode=ap_vld:ce=0
Port [ p_x_V_4]:  wired=1; compound=0; hidden=0; nouse=0; global=1; static=0; extern=0; dir=1; type=0; pingpong=0; private_global=0; linkage=0; visibility=0; IO mode=ap_vld:ce=0
Port [ p_y_V_4]:  wired=1; compound=0; hidden=0; nouse=0; global=1; static=0; extern=0; dir=1; type=0; pingpong=0; private_global=0; linkage=0; visibility=0; IO mode=ap_vld:ce=0
Port [ p_z_V_4]:  wired=1; compound=0; hidden=0; nouse=0; global=1; static=0; extern=0; dir=1; type=0; pingpong=0; private_global=0; linkage=0; visibility=0; IO mode=ap_vld:ce=0
Port [ p_vx_V_4]:  wired=1; compound=0; hidden=0; nouse=0; global=1; static=0; extern=0; dir=1; type=0; pingpong=0; private_global=0; linkage=0; visibility=0; IO mode=ap_vld:ce=0
Port [ p_vy_V_4]:  wired=1; compound=0; hidden=0; nouse=0; global=1; static=0; extern=0; dir=1; type=0; pingpong=0; private_global=0; linkage=0; visibility=0; IO mode=ap_vld:ce=0
Port [ p_vz_V_4]:  wired=1; compound=0; hidden=0; nouse=0; global=1; static=0; extern=0; dir=1; type=0; pingpong=0; private_global=0; linkage=0; visibility=0; IO mode=ap_vld:ce=0
Port [ p_x_V_5]:  wired=1; compound=0; hidden=0; nouse=0; global=1; static=0; extern=0; dir=1; type=0; pingpong=0; private_global=0; linkage=0; visibility=0; IO mode=ap_vld:ce=0
Port [ p_y_V_5]:  wired=1; compound=0; hidden=0; nouse=0; global=1; static=0; extern=0; dir=1; type=0; pingpong=0; private_global=0; linkage=0; visibility=0; IO mode=ap_vld:ce=0
Port [ p_z_V_5]:  wired=1; compound=0; hidden=0; nouse=0; global=1; static=0; extern=0; dir=1; type=0; pingpong=0; private_global=0; linkage=0; visibility=0; IO mode=ap_vld:ce=0
Port [ p_vx_V_5]:  wired=1; compound=0; hidden=0; nouse=0; global=1; static=0; extern=0; dir=1; type=0; pingpong=0; private_global=0; linkage=0; visibility=0; IO mode=ap_vld:ce=0
Port [ p_vy_V_5]:  wired=1; compound=0; hidden=0; nouse=0; global=1; static=0; extern=0; dir=1; type=0; pingpong=0; private_global=0; linkage=0; visibility=0; IO mode=ap_vld:ce=0
Port [ p_vz_V_5]:  wired=1; compound=0; hidden=0; nouse=0; global=1; static=0; extern=0; dir=1; type=0; pingpong=0; private_global=0; linkage=0; visibility=0; IO mode=ap_vld:ce=0
Port [ p_x_V_6]:  wired=1; compound=0; hidden=0; nouse=0; global=1; static=0; extern=0; dir=1; type=0; pingpong=0; private_global=0; linkage=0; visibility=0; IO mode=ap_vld:ce=0
Port [ p_y_V_6]:  wired=1; compound=0; hidden=0; nouse=0; global=1; static=0; extern=0; dir=1; type=0; pingpong=0; private_global=0; linkage=0; visibility=0; IO mode=ap_vld:ce=0
Port [ p_z_V_6]:  wired=1; compound=0; hidden=0; nouse=0; global=1; static=0; extern=0; dir=1; type=0; pingpong=0; private_global=0; linkage=0; visibility=0; IO mode=ap_vld:ce=0
Port [ p_vx_V_6]:  wired=1; compound=0; hidden=0; nouse=0; global=1; static=0; extern=0; dir=1; type=0; pingpong=0; private_global=0; linkage=0; visibility=0; IO mode=ap_vld:ce=0
Port [ p_vy_V_6]:  wired=1; compound=0; hidden=0; nouse=0; global=1; static=0; extern=0; dir=1; type=0; pingpong=0; private_global=0; linkage=0; visibility=0; IO mode=ap_vld:ce=0
Port [ p_vz_V_6]:  wired=1; compound=0; hidden=0; nouse=0; global=1; static=0; extern=0; dir=1; type=0; pingpong=0; private_global=0; linkage=0; visibility=0; IO mode=ap_vld:ce=0
Port [ p_x_V_7]:  wired=1; compound=0; hidden=0; nouse=0; global=1; static=0; extern=0; dir=1; type=0; pingpong=0; private_global=0; linkage=0; visibility=0; IO mode=ap_vld:ce=0
Port [ p_y_V_7]:  wired=1; compound=0; hidden=0; nouse=0; global=1; static=0; extern=0; dir=1; type=0; pingpong=0; private_global=0; linkage=0; visibility=0; IO mode=ap_vld:ce=0
Port [ p_z_V_7]:  wired=1; compound=0; hidden=0; nouse=0; global=1; static=0; extern=0; dir=1; type=0; pingpong=0; private_global=0; linkage=0; visibility=0; IO mode=ap_vld:ce=0
Port [ p_vx_V_7]:  wired=1; compound=0; hidden=0; nouse=0; global=1; static=0; extern=0; dir=1; type=0; pingpong=0; private_global=0; linkage=0; visibility=0; IO mode=ap_vld:ce=0
Port [ p_vy_V_7]:  wired=1; compound=0; hidden=0; nouse=0; global=1; static=0; extern=0; dir=1; type=0; pingpong=0; private_global=0; linkage=0; visibility=0; IO mode=ap_vld:ce=0
Port [ p_vz_V_7]:  wired=1; compound=0; hidden=0; nouse=0; global=1; static=0; extern=0; dir=1; type=0; pingpong=0; private_global=0; linkage=0; visibility=0; IO mode=ap_vld:ce=0
Port [ p_x_V_8]:  wired=1; compound=0; hidden=0; nouse=0; global=1; static=0; extern=0; dir=1; type=0; pingpong=0; private_global=0; linkage=0; visibility=0; IO mode=ap_vld:ce=0
Port [ p_y_V_8]:  wired=1; compound=0; hidden=0; nouse=0; global=1; static=0; extern=0; dir=1; type=0; pingpong=0; private_global=0; linkage=0; visibility=0; IO mode=ap_vld:ce=0
Port [ p_z_V_8]:  wired=1; compound=0; hidden=0; nouse=0; global=1; static=0; extern=0; dir=1; type=0; pingpong=0; private_global=0; linkage=0; visibility=0; IO mode=ap_vld:ce=0
Port [ p_vx_V_8]:  wired=1; compound=0; hidden=0; nouse=0; global=1; static=0; extern=0; dir=1; type=0; pingpong=0; private_global=0; linkage=0; visibility=0; IO mode=ap_vld:ce=0
Port [ p_vy_V_8]:  wired=1; compound=0; hidden=0; nouse=0; global=1; static=0; extern=0; dir=1; type=0; pingpong=0; private_global=0; linkage=0; visibility=0; IO mode=ap_vld:ce=0
Port [ p_vz_V_8]:  wired=1; compound=0; hidden=0; nouse=0; global=1; static=0; extern=0; dir=1; type=0; pingpong=0; private_global=0; linkage=0; visibility=0; IO mode=ap_vld:ce=0
---------------- STG Properties END ------------------

---------------- Datapath Model BEGIN ----------------

<LifeTime>
<method=bitvector/>
StgValue_2  (store) [ 00]
StgValue_3  (store) [ 00]
StgValue_4  (store) [ 00]
StgValue_5  (store) [ 00]
StgValue_6  (store) [ 00]
StgValue_7  (store) [ 00]
StgValue_8  (store) [ 00]
StgValue_9  (store) [ 00]
StgValue_10 (store) [ 00]
StgValue_11 (store) [ 00]
StgValue_12 (store) [ 00]
StgValue_13 (store) [ 00]
StgValue_14 (store) [ 00]
StgValue_15 (store) [ 00]
StgValue_16 (store) [ 00]
StgValue_17 (store) [ 00]
StgValue_18 (store) [ 00]
StgValue_19 (store) [ 00]
StgValue_20 (store) [ 00]
StgValue_21 (store) [ 00]
StgValue_22 (store) [ 00]
StgValue_23 (store) [ 00]
StgValue_24 (store) [ 00]
StgValue_25 (store) [ 00]
StgValue_26 (store) [ 00]
StgValue_27 (store) [ 00]
StgValue_28 (store) [ 00]
StgValue_29 (store) [ 00]
StgValue_30 (store) [ 00]
StgValue_31 (store) [ 00]
StgValue_32 (store) [ 00]
StgValue_33 (store) [ 00]
StgValue_34 (store) [ 00]
StgValue_35 (store) [ 00]
StgValue_36 (store) [ 00]
StgValue_37 (store) [ 00]
StgValue_38 (store) [ 00]
StgValue_39 (store) [ 00]
StgValue_40 (store) [ 00]
StgValue_41 (store) [ 00]
StgValue_42 (store) [ 00]
StgValue_43 (store) [ 00]
StgValue_44 (store) [ 00]
StgValue_45 (store) [ 00]
StgValue_46 (store) [ 00]
StgValue_47 (store) [ 00]
StgValue_48 (store) [ 00]
StgValue_49 (store) [ 00]
StgValue_50 (store) [ 00]
StgValue_51 (store) [ 00]
StgValue_52 (store) [ 00]
StgValue_53 (store) [ 00]
StgValue_54 (store) [ 00]
StgValue_55 (store) [ 00]
StgValue_56 (ret  ) [ 00]
</LifeTime>

<model>

<comp_list>
<comp id="0" class="1000" name="p_x_V_0">
<pin_list>
<pin id="1" dir="1" index="0" bw="1" slack="0"/>
</pin_list>
<bind>
<StgValue><ssdm name="p_x_V_0"/></StgValue>
</bind>
</comp>

<comp id="2" class="1000" name="p_y_V_0">
<pin_list>
<pin id="3" dir="1" index="0" bw="1" slack="0"/>
</pin_list>
<bind>
<StgValue><ssdm name="p_y_V_0"/></StgValue>
</bind>
</comp>

<comp id="4" class="1000" name="p_z_V_0">
<pin_list>
<pin id="5" dir="1" index="0" bw="1" slack="0"/>
</pin_list>
<bind>
<StgValue><ssdm name="p_z_V_0"/></StgValue>
</bind>
</comp>

<comp id="6" class="1000" name="p_vx_V_0">
<pin_list>
<pin id="7" dir="1" index="0" bw="1" slack="0"/>
</pin_list>
<bind>
<StgValue><ssdm name="p_vx_V_0"/></StgValue>
</bind>
</comp>

<comp id="8" class="1000" name="p_vy_V_0">
<pin_list>
<pin id="9" dir="1" index="0" bw="1" slack="0"/>
</pin_list>
<bind>
<StgValue><ssdm name="p_vy_V_0"/></StgValue>
</bind>
</comp>

<comp id="10" class="1000" name="p_vz_V_0">
<pin_list>
<pin id="11" dir="1" index="0" bw="1" slack="0"/>
</pin_list>
<bind>
<StgValue><ssdm name="p_vz_V_0"/></StgValue>
</bind>
</comp>

<comp id="12" class="1000" name="p_x_V_1">
<pin_list>
<pin id="13" dir="1" index="0" bw="1" slack="0"/>
</pin_list>
<bind>
<StgValue><ssdm name="p_x_V_1"/></StgValue>
</bind>
</comp>

<comp id="14" class="1000" name="p_y_V_1">
<pin_list>
<pin id="15" dir="1" index="0" bw="1" slack="0"/>
</pin_list>
<bind>
<StgValue><ssdm name="p_y_V_1"/></StgValue>
</bind>
</comp>

<comp id="16" class="1000" name="p_z_V_1">
<pin_list>
<pin id="17" dir="1" index="0" bw="1" slack="0"/>
</pin_list>
<bind>
<StgValue><ssdm name="p_z_V_1"/></StgValue>
</bind>
</comp>

<comp id="18" class="1000" name="p_vx_V_1">
<pin_list>
<pin id="19" dir="1" index="0" bw="1" slack="0"/>
</pin_list>
<bind>
<StgValue><ssdm name="p_vx_V_1"/></StgValue>
</bind>
</comp>

<comp id="20" class="1000" name="p_vy_V_1">
<pin_list>
<pin id="21" dir="1" index="0" bw="1" slack="0"/>
</pin_list>
<bind>
<StgValue><ssdm name="p_vy_V_1"/></StgValue>
</bind>
</comp>

<comp id="22" class="1000" name="p_vz_V_1">
<pin_list>
<pin id="23" dir="1" index="0" bw="1" slack="0"/>
</pin_list>
<bind>
<StgValue><ssdm name="p_vz_V_1"/></StgValue>
</bind>
</comp>

<comp id="24" class="1000" name="p_x_V_2">
<pin_list>
<pin id="25" dir="1" index="0" bw="1" slack="0"/>
</pin_list>
<bind>
<StgValue><ssdm name="p_x_V_2"/></StgValue>
</bind>
</comp>

<comp id="26" class="1000" name="p_y_V_2">
<pin_list>
<pin id="27" dir="1" index="0" bw="1" slack="0"/>
</pin_list>
<bind>
<StgValue><ssdm name="p_y_V_2"/></StgValue>
</bind>
</comp>

<comp id="28" class="1000" name="p_z_V_2">
<pin_list>
<pin id="29" dir="1" index="0" bw="1" slack="0"/>
</pin_list>
<bind>
<StgValue><ssdm name="p_z_V_2"/></StgValue>
</bind>
</comp>

<comp id="30" class="1000" name="p_vx_V_2">
<pin_list>
<pin id="31" dir="1" index="0" bw="1" slack="0"/>
</pin_list>
<bind>
<StgValue><ssdm name="p_vx_V_2"/></StgValue>
</bind>
</comp>

<comp id="32" class="1000" name="p_vy_V_2">
<pin_list>
<pin id="33" dir="1" index="0" bw="1" slack="0"/>
</pin_list>
<bind>
<StgValue><ssdm name="p_vy_V_2"/></StgValue>
</bind>
</comp>

<comp id="34" class="1000" name="p_vz_V_2">
<pin_list>
<pin id="35" dir="1" index="0" bw="1" slack="0"/>
</pin_list>
<bind>
<StgValue><ssdm name="p_vz_V_2"/></StgValue>
</bind>
</comp>

<comp id="36" class="1000" name="p_x_V_3">
<pin_list>
<pin id="37" dir="1" index="0" bw="1" slack="0"/>
</pin_list>
<bind>
<StgValue><ssdm name="p_x_V_3"/></StgValue>
</bind>
</comp>

<comp id="38" class="1000" name="p_y_V_3">
<pin_list>
<pin id="39" dir="1" index="0" bw="1" slack="0"/>
</pin_list>
<bind>
<StgValue><ssdm name="p_y_V_3"/></StgValue>
</bind>
</comp>

<comp id="40" class="1000" name="p_z_V_3">
<pin_list>
<pin id="41" dir="1" index="0" bw="1" slack="0"/>
</pin_list>
<bind>
<StgValue><ssdm name="p_z_V_3"/></StgValue>
</bind>
</comp>

<comp id="42" class="1000" name="p_vx_V_3">
<pin_list>
<pin id="43" dir="1" index="0" bw="1" slack="0"/>
</pin_list>
<bind>
<StgValue><ssdm name="p_vx_V_3"/></StgValue>
</bind>
</comp>

<comp id="44" class="1000" name="p_vy_V_3">
<pin_list>
<pin id="45" dir="1" index="0" bw="1" slack="0"/>
</pin_list>
<bind>
<StgValue><ssdm name="p_vy_V_3"/></StgValue>
</bind>
</comp>

<comp id="46" class="1000" name="p_vz_V_3">
<pin_list>
<pin id="47" dir="1" index="0" bw="1" slack="0"/>
</pin_list>
<bind>
<StgValue><ssdm name="p_vz_V_3"/></StgValue>
</bind>
</comp>

<comp id="48" class="1000" name="p_x_V_4">
<pin_list>
<pin id="49" dir="1" index="0" bw="1" slack="0"/>
</pin_list>
<bind>
<StgValue><ssdm name="p_x_V_4"/></StgValue>
</bind>
</comp>

<comp id="50" class="1000" name="p_y_V_4">
<pin_list>
<pin id="51" dir="1" index="0" bw="1" slack="0"/>
</pin_list>
<bind>
<StgValue><ssdm name="p_y_V_4"/></StgValue>
</bind>
</comp>

<comp id="52" class="1000" name="p_z_V_4">
<pin_list>
<pin id="53" dir="1" index="0" bw="1" slack="0"/>
</pin_list>
<bind>
<StgValue><ssdm name="p_z_V_4"/></StgValue>
</bind>
</comp>

<comp id="54" class="1000" name="p_vx_V_4">
<pin_list>
<pin id="55" dir="1" index="0" bw="1" slack="0"/>
</pin_list>
<bind>
<StgValue><ssdm name="p_vx_V_4"/></StgValue>
</bind>
</comp>

<comp id="56" class="1000" name="p_vy_V_4">
<pin_list>
<pin id="57" dir="1" index="0" bw="1" slack="0"/>
</pin_list>
<bind>
<StgValue><ssdm name="p_vy_V_4"/></StgValue>
</bind>
</comp>

<comp id="58" class="1000" name="p_vz_V_4">
<pin_list>
<pin id="59" dir="1" index="0" bw="1" slack="0"/>
</pin_list>
<bind>
<StgValue><ssdm name="p_vz_V_4"/></StgValue>
</bind>
</comp>

<comp id="60" class="1000" name="p_x_V_5">
<pin_list>
<pin id="61" dir="1" index="0" bw="1" slack="0"/>
</pin_list>
<bind>
<StgValue><ssdm name="p_x_V_5"/></StgValue>
</bind>
</comp>

<comp id="62" class="1000" name="p_y_V_5">
<pin_list>
<pin id="63" dir="1" index="0" bw="1" slack="0"/>
</pin_list>
<bind>
<StgValue><ssdm name="p_y_V_5"/></StgValue>
</bind>
</comp>

<comp id="64" class="1000" name="p_z_V_5">
<pin_list>
<pin id="65" dir="1" index="0" bw="1" slack="0"/>
</pin_list>
<bind>
<StgValue><ssdm name="p_z_V_5"/></StgValue>
</bind>
</comp>

<comp id="66" class="1000" name="p_vx_V_5">
<pin_list>
<pin id="67" dir="1" index="0" bw="1" slack="0"/>
</pin_list>
<bind>
<StgValue><ssdm name="p_vx_V_5"/></StgValue>
</bind>
</comp>

<comp id="68" class="1000" name="p_vy_V_5">
<pin_list>
<pin id="69" dir="1" index="0" bw="1" slack="0"/>
</pin_list>
<bind>
<StgValue><ssdm name="p_vy_V_5"/></StgValue>
</bind>
</comp>

<comp id="70" class="1000" name="p_vz_V_5">
<pin_list>
<pin id="71" dir="1" index="0" bw="1" slack="0"/>
</pin_list>
<bind>
<StgValue><ssdm name="p_vz_V_5"/></StgValue>
</bind>
</comp>

<comp id="72" class="1000" name="p_x_V_6">
<pin_list>
<pin id="73" dir="1" index="0" bw="1" slack="0"/>
</pin_list>
<bind>
<StgValue><ssdm name="p_x_V_6"/></StgValue>
</bind>
</comp>

<comp id="74" class="1000" name="p_y_V_6">
<pin_list>
<pin id="75" dir="1" index="0" bw="1" slack="0"/>
</pin_list>
<bind>
<StgValue><ssdm name="p_y_V_6"/></StgValue>
</bind>
</comp>

<comp id="76" class="1000" name="p_z_V_6">
<pin_list>
<pin id="77" dir="1" index="0" bw="1" slack="0"/>
</pin_list>
<bind>
<StgValue><ssdm name="p_z_V_6"/></StgValue>
</bind>
</comp>

<comp id="78" class="1000" name="p_vx_V_6">
<pin_list>
<pin id="79" dir="1" index="0" bw="1" slack="0"/>
</pin_list>
<bind>
<StgValue><ssdm name="p_vx_V_6"/></StgValue>
</bind>
</comp>

<comp id="80" class="1000" name="p_vy_V_6">
<pin_list>
<pin id="81" dir="1" index="0" bw="1" slack="0"/>
</pin_list>
<bind>
<StgValue><ssdm name="p_vy_V_6"/></StgValue>
</bind>
</comp>

<comp id="82" class="1000" name="p_vz_V_6">
<pin_list>
<pin id="83" dir="1" index="0" bw="1" slack="0"/>
</pin_list>
<bind>
<StgValue><ssdm name="p_vz_V_6"/></StgValue>
</bind>
</comp>

<comp id="84" class="1000" name="p_x_V_7">
<pin_list>
<pin id="85" dir="1" index="0" bw="1" slack="0"/>
</pin_list>
<bind>
<StgValue><ssdm name="p_x_V_7"/></StgValue>
</bind>
</comp>

<comp id="86" class="1000" name="p_y_V_7">
<pin_list>
<pin id="87" dir="1" index="0" bw="1" slack="0"/>
</pin_list>
<bind>
<StgValue><ssdm name="p_y_V_7"/></StgValue>
</bind>
</comp>

<comp id="88" class="1000" name="p_z_V_7">
<pin_list>
<pin id="89" dir="1" index="0" bw="1" slack="0"/>
</pin_list>
<bind>
<StgValue><ssdm name="p_z_V_7"/></StgValue>
</bind>
</comp>

<comp id="90" class="1000" name="p_vx_V_7">
<pin_list>
<pin id="91" dir="1" index="0" bw="1" slack="0"/>
</pin_list>
<bind>
<StgValue><ssdm name="p_vx_V_7"/></StgValue>
</bind>
</comp>

<comp id="92" class="1000" name="p_vy_V_7">
<pin_list>
<pin id="93" dir="1" index="0" bw="1" slack="0"/>
</pin_list>
<bind>
<StgValue><ssdm name="p_vy_V_7"/></StgValue>
</bind>
</comp>

<comp id="94" class="1000" name="p_vz_V_7">
<pin_list>
<pin id="95" dir="1" index="0" bw="1" slack="0"/>
</pin_list>
<bind>
<StgValue><ssdm name="p_vz_V_7"/></StgValue>
</bind>
</comp>

<comp id="96" class="1000" name="p_x_V_8">
<pin_list>
<pin id="97" dir="1" index="0" bw="1" slack="0"/>
</pin_list>
<bind>
<StgValue><ssdm name="p_x_V_8"/></StgValue>
</bind>
</comp>

<comp id="98" class="1000" name="p_y_V_8">
<pin_list>
<pin id="99" dir="1" index="0" bw="1" slack="0"/>
</pin_list>
<bind>
<StgValue><ssdm name="p_y_V_8"/></StgValue>
</bind>
</comp>

<comp id="100" class="1000" name="p_z_V_8">
<pin_list>
<pin id="101" dir="1" index="0" bw="1" slack="0"/>
</pin_list>
<bind>
<StgValue><ssdm name="p_z_V_8"/></StgValue>
</bind>
</comp>

<comp id="102" class="1000" name="p_vx_V_8">
<pin_list>
<pin id="103" dir="1" index="0" bw="1" slack="0"/>
</pin_list>
<bind>
<StgValue><ssdm name="p_vx_V_8"/></StgValue>
</bind>
</comp>

<comp id="104" class="1000" name="p_vy_V_8">
<pin_list>
<pin id="105" dir="1" index="0" bw="1" slack="0"/>
</pin_list>
<bind>
<StgValue><ssdm name="p_vy_V_8"/></StgValue>
</bind>
</comp>

<comp id="106" class="1000" name="p_vz_V_8">
<pin_list>
<pin id="107" dir="1" index="0" bw="1" slack="0"/>
</pin_list>
<bind>
<StgValue><ssdm name="p_vz_V_8"/></StgValue>
</bind>
</comp>

<comp id="108" class="1001" name="const_108">
<pin_list>
<pin id="109" dir="1" index="0" bw="1" slack="0"/>
</pin_list>
<bind>
<StgValue><ssdm name=""/></StgValue>
</bind>
</comp>

<comp id="110" class="1004" name="StgValue_2_store_fu_110">
<pin_list>
<pin id="111" dir="0" index="0" bw="1" slack="0"/>
<pin id="112" dir="0" index="1" bw="27" slack="0"/>
<pin id="113" dir="1" index="2" bw="0" slack="2147483647"/>
</pin_list>
<bind>
<opcode="store(28) " fcode="store"/>
<opset="StgValue_2/1 "/>
</bind>
</comp>

<comp id="116" class="1004" name="StgValue_3_store_fu_116">
<pin_list>
<pin id="117" dir="0" index="0" bw="1" slack="0"/>
<pin id="118" dir="0" index="1" bw="27" slack="0"/>
<pin id="119" dir="1" index="2" bw="0" slack="2147483647"/>
</pin_list>
<bind>
<opcode="store(28) " fcode="store"/>
<opset="StgValue_3/1 "/>
</bind>
</comp>

<comp id="122" class="1004" name="StgValue_4_store_fu_122">
<pin_list>
<pin id="123" dir="0" index="0" bw="1" slack="0"/>
<pin id="124" dir="0" index="1" bw="27" slack="0"/>
<pin id="125" dir="1" index="2" bw="0" slack="2147483647"/>
</pin_list>
<bind>
<opcode="store(28) " fcode="store"/>
<opset="StgValue_4/1 "/>
</bind>
</comp>

<comp id="128" class="1004" name="StgValue_5_store_fu_128">
<pin_list>
<pin id="129" dir="0" index="0" bw="1" slack="0"/>
<pin id="130" dir="0" index="1" bw="27" slack="0"/>
<pin id="131" dir="1" index="2" bw="0" slack="2147483647"/>
</pin_list>
<bind>
<opcode="store(28) " fcode="store"/>
<opset="StgValue_5/1 "/>
</bind>
</comp>

<comp id="134" class="1004" name="StgValue_6_store_fu_134">
<pin_list>
<pin id="135" dir="0" index="0" bw="1" slack="0"/>
<pin id="136" dir="0" index="1" bw="27" slack="0"/>
<pin id="137" dir="1" index="2" bw="0" slack="2147483647"/>
</pin_list>
<bind>
<opcode="store(28) " fcode="store"/>
<opset="StgValue_6/1 "/>
</bind>
</comp>

<comp id="140" class="1004" name="StgValue_7_store_fu_140">
<pin_list>
<pin id="141" dir="0" index="0" bw="1" slack="0"/>
<pin id="142" dir="0" index="1" bw="27" slack="0"/>
<pin id="143" dir="1" index="2" bw="0" slack="2147483647"/>
</pin_list>
<bind>
<opcode="store(28) " fcode="store"/>
<opset="StgValue_7/1 "/>
</bind>
</comp>

<comp id="146" class="1004" name="StgValue_8_store_fu_146">
<pin_list>
<pin id="147" dir="0" index="0" bw="1" slack="0"/>
<pin id="148" dir="0" index="1" bw="27" slack="0"/>
<pin id="149" dir="1" index="2" bw="0" slack="2147483647"/>
</pin_list>
<bind>
<opcode="store(28) " fcode="store"/>
<opset="StgValue_8/1 "/>
</bind>
</comp>

<comp id="152" class="1004" name="StgValue_9_store_fu_152">
<pin_list>
<pin id="153" dir="0" index="0" bw="1" slack="0"/>
<pin id="154" dir="0" index="1" bw="27" slack="0"/>
<pin id="155" dir="1" index="2" bw="0" slack="2147483647"/>
</pin_list>
<bind>
<opcode="store(28) " fcode="store"/>
<opset="StgValue_9/1 "/>
</bind>
</comp>

<comp id="158" class="1004" name="StgValue_10_store_fu_158">
<pin_list>
<pin id="159" dir="0" index="0" bw="1" slack="0"/>
<pin id="160" dir="0" index="1" bw="27" slack="0"/>
<pin id="161" dir="1" index="2" bw="0" slack="2147483647"/>
</pin_list>
<bind>
<opcode="store(28) " fcode="store"/>
<opset="StgValue_10/1 "/>
</bind>
</comp>

<comp id="164" class="1004" name="StgValue_11_store_fu_164">
<pin_list>
<pin id="165" dir="0" index="0" bw="1" slack="0"/>
<pin id="166" dir="0" index="1" bw="27" slack="0"/>
<pin id="167" dir="1" index="2" bw="0" slack="2147483647"/>
</pin_list>
<bind>
<opcode="store(28) " fcode="store"/>
<opset="StgValue_11/1 "/>
</bind>
</comp>

<comp id="170" class="1004" name="StgValue_12_store_fu_170">
<pin_list>
<pin id="171" dir="0" index="0" bw="1" slack="0"/>
<pin id="172" dir="0" index="1" bw="27" slack="0"/>
<pin id="173" dir="1" index="2" bw="0" slack="2147483647"/>
</pin_list>
<bind>
<opcode="store(28) " fcode="store"/>
<opset="StgValue_12/1 "/>
</bind>
</comp>

<comp id="176" class="1004" name="StgValue_13_store_fu_176">
<pin_list>
<pin id="177" dir="0" index="0" bw="1" slack="0"/>
<pin id="178" dir="0" index="1" bw="27" slack="0"/>
<pin id="179" dir="1" index="2" bw="0" slack="2147483647"/>
</pin_list>
<bind>
<opcode="store(28) " fcode="store"/>
<opset="StgValue_13/1 "/>
</bind>
</comp>

<comp id="182" class="1004" name="StgValue_14_store_fu_182">
<pin_list>
<pin id="183" dir="0" index="0" bw="1" slack="0"/>
<pin id="184" dir="0" index="1" bw="27" slack="0"/>
<pin id="185" dir="1" index="2" bw="0" slack="2147483647"/>
</pin_list>
<bind>
<opcode="store(28) " fcode="store"/>
<opset="StgValue_14/1 "/>
</bind>
</comp>

<comp id="188" class="1004" name="StgValue_15_store_fu_188">
<pin_list>
<pin id="189" dir="0" index="0" bw="1" slack="0"/>
<pin id="190" dir="0" index="1" bw="27" slack="0"/>
<pin id="191" dir="1" index="2" bw="0" slack="2147483647"/>
</pin_list>
<bind>
<opcode="store(28) " fcode="store"/>
<opset="StgValue_15/1 "/>
</bind>
</comp>

<comp id="194" class="1004" name="StgValue_16_store_fu_194">
<pin_list>
<pin id="195" dir="0" index="0" bw="1" slack="0"/>
<pin id="196" dir="0" index="1" bw="27" slack="0"/>
<pin id="197" dir="1" index="2" bw="0" slack="2147483647"/>
</pin_list>
<bind>
<opcode="store(28) " fcode="store"/>
<opset="StgValue_16/1 "/>
</bind>
</comp>

<comp id="200" class="1004" name="StgValue_17_store_fu_200">
<pin_list>
<pin id="201" dir="0" index="0" bw="1" slack="0"/>
<pin id="202" dir="0" index="1" bw="27" slack="0"/>
<pin id="203" dir="1" index="2" bw="0" slack="2147483647"/>
</pin_list>
<bind>
<opcode="store(28) " fcode="store"/>
<opset="StgValue_17/1 "/>
</bind>
</comp>

<comp id="206" class="1004" name="StgValue_18_store_fu_206">
<pin_list>
<pin id="207" dir="0" index="0" bw="1" slack="0"/>
<pin id="208" dir="0" index="1" bw="27" slack="0"/>
<pin id="209" dir="1" index="2" bw="0" slack="2147483647"/>
</pin_list>
<bind>
<opcode="store(28) " fcode="store"/>
<opset="StgValue_18/1 "/>
</bind>
</comp>

<comp id="212" class="1004" name="StgValue_19_store_fu_212">
<pin_list>
<pin id="213" dir="0" index="0" bw="1" slack="0"/>
<pin id="214" dir="0" index="1" bw="27" slack="0"/>
<pin id="215" dir="1" index="2" bw="0" slack="2147483647"/>
</pin_list>
<bind>
<opcode="store(28) " fcode="store"/>
<opset="StgValue_19/1 "/>
</bind>
</comp>

<comp id="218" class="1004" name="StgValue_20_store_fu_218">
<pin_list>
<pin id="219" dir="0" index="0" bw="1" slack="0"/>
<pin id="220" dir="0" index="1" bw="27" slack="0"/>
<pin id="221" dir="1" index="2" bw="0" slack="2147483647"/>
</pin_list>
<bind>
<opcode="store(28) " fcode="store"/>
<opset="StgValue_20/1 "/>
</bind>
</comp>

<comp id="224" class="1004" name="StgValue_21_store_fu_224">
<pin_list>
<pin id="225" dir="0" index="0" bw="1" slack="0"/>
<pin id="226" dir="0" index="1" bw="27" slack="0"/>
<pin id="227" dir="1" index="2" bw="0" slack="2147483647"/>
</pin_list>
<bind>
<opcode="store(28) " fcode="store"/>
<opset="StgValue_21/1 "/>
</bind>
</comp>

<comp id="230" class="1004" name="StgValue_22_store_fu_230">
<pin_list>
<pin id="231" dir="0" index="0" bw="1" slack="0"/>
<pin id="232" dir="0" index="1" bw="27" slack="0"/>
<pin id="233" dir="1" index="2" bw="0" slack="2147483647"/>
</pin_list>
<bind>
<opcode="store(28) " fcode="store"/>
<opset="StgValue_22/1 "/>
</bind>
</comp>

<comp id="236" class="1004" name="StgValue_23_store_fu_236">
<pin_list>
<pin id="237" dir="0" index="0" bw="1" slack="0"/>
<pin id="238" dir="0" index="1" bw="27" slack="0"/>
<pin id="239" dir="1" index="2" bw="0" slack="2147483647"/>
</pin_list>
<bind>
<opcode="store(28) " fcode="store"/>
<opset="StgValue_23/1 "/>
</bind>
</comp>

<comp id="242" class="1004" name="StgValue_24_store_fu_242">
<pin_list>
<pin id="243" dir="0" index="0" bw="1" slack="0"/>
<pin id="244" dir="0" index="1" bw="27" slack="0"/>
<pin id="245" dir="1" index="2" bw="0" slack="2147483647"/>
</pin_list>
<bind>
<opcode="store(28) " fcode="store"/>
<opset="StgValue_24/1 "/>
</bind>
</comp>

<comp id="248" class="1004" name="StgValue_25_store_fu_248">
<pin_list>
<pin id="249" dir="0" index="0" bw="1" slack="0"/>
<pin id="250" dir="0" index="1" bw="27" slack="0"/>
<pin id="251" dir="1" index="2" bw="0" slack="2147483647"/>
</pin_list>
<bind>
<opcode="store(28) " fcode="store"/>
<opset="StgValue_25/1 "/>
</bind>
</comp>

<comp id="254" class="1004" name="StgValue_26_store_fu_254">
<pin_list>
<pin id="255" dir="0" index="0" bw="1" slack="0"/>
<pin id="256" dir="0" index="1" bw="27" slack="0"/>
<pin id="257" dir="1" index="2" bw="0" slack="2147483647"/>
</pin_list>
<bind>
<opcode="store(28) " fcode="store"/>
<opset="StgValue_26/1 "/>
</bind>
</comp>

<comp id="260" class="1004" name="StgValue_27_store_fu_260">
<pin_list>
<pin id="261" dir="0" index="0" bw="1" slack="0"/>
<pin id="262" dir="0" index="1" bw="27" slack="0"/>
<pin id="263" dir="1" index="2" bw="0" slack="2147483647"/>
</pin_list>
<bind>
<opcode="store(28) " fcode="store"/>
<opset="StgValue_27/1 "/>
</bind>
</comp>

<comp id="266" class="1004" name="StgValue_28_store_fu_266">
<pin_list>
<pin id="267" dir="0" index="0" bw="1" slack="0"/>
<pin id="268" dir="0" index="1" bw="27" slack="0"/>
<pin id="269" dir="1" index="2" bw="0" slack="2147483647"/>
</pin_list>
<bind>
<opcode="store(28) " fcode="store"/>
<opset="StgValue_28/1 "/>
</bind>
</comp>

<comp id="272" class="1004" name="StgValue_29_store_fu_272">
<pin_list>
<pin id="273" dir="0" index="0" bw="1" slack="0"/>
<pin id="274" dir="0" index="1" bw="27" slack="0"/>
<pin id="275" dir="1" index="2" bw="0" slack="2147483647"/>
</pin_list>
<bind>
<opcode="store(28) " fcode="store"/>
<opset="StgValue_29/1 "/>
</bind>
</comp>

<comp id="278" class="1004" name="StgValue_30_store_fu_278">
<pin_list>
<pin id="279" dir="0" index="0" bw="1" slack="0"/>
<pin id="280" dir="0" index="1" bw="27" slack="0"/>
<pin id="281" dir="1" index="2" bw="0" slack="2147483647"/>
</pin_list>
<bind>
<opcode="store(28) " fcode="store"/>
<opset="StgValue_30/1 "/>
</bind>
</comp>

<comp id="284" class="1004" name="StgValue_31_store_fu_284">
<pin_list>
<pin id="285" dir="0" index="0" bw="1" slack="0"/>
<pin id="286" dir="0" index="1" bw="27" slack="0"/>
<pin id="287" dir="1" index="2" bw="0" slack="2147483647"/>
</pin_list>
<bind>
<opcode="store(28) " fcode="store"/>
<opset="StgValue_31/1 "/>
</bind>
</comp>

<comp id="290" class="1004" name="StgValue_32_store_fu_290">
<pin_list>
<pin id="291" dir="0" index="0" bw="1" slack="0"/>
<pin id="292" dir="0" index="1" bw="27" slack="0"/>
<pin id="293" dir="1" index="2" bw="0" slack="2147483647"/>
</pin_list>
<bind>
<opcode="store(28) " fcode="store"/>
<opset="StgValue_32/1 "/>
</bind>
</comp>

<comp id="296" class="1004" name="StgValue_33_store_fu_296">
<pin_list>
<pin id="297" dir="0" index="0" bw="1" slack="0"/>
<pin id="298" dir="0" index="1" bw="27" slack="0"/>
<pin id="299" dir="1" index="2" bw="0" slack="2147483647"/>
</pin_list>
<bind>
<opcode="store(28) " fcode="store"/>
<opset="StgValue_33/1 "/>
</bind>
</comp>

<comp id="302" class="1004" name="StgValue_34_store_fu_302">
<pin_list>
<pin id="303" dir="0" index="0" bw="1" slack="0"/>
<pin id="304" dir="0" index="1" bw="27" slack="0"/>
<pin id="305" dir="1" index="2" bw="0" slack="2147483647"/>
</pin_list>
<bind>
<opcode="store(28) " fcode="store"/>
<opset="StgValue_34/1 "/>
</bind>
</comp>

<comp id="308" class="1004" name="StgValue_35_store_fu_308">
<pin_list>
<pin id="309" dir="0" index="0" bw="1" slack="0"/>
<pin id="310" dir="0" index="1" bw="27" slack="0"/>
<pin id="311" dir="1" index="2" bw="0" slack="2147483647"/>
</pin_list>
<bind>
<opcode="store(28) " fcode="store"/>
<opset="StgValue_35/1 "/>
</bind>
</comp>

<comp id="314" class="1004" name="StgValue_36_store_fu_314">
<pin_list>
<pin id="315" dir="0" index="0" bw="1" slack="0"/>
<pin id="316" dir="0" index="1" bw="27" slack="0"/>
<pin id="317" dir="1" index="2" bw="0" slack="2147483647"/>
</pin_list>
<bind>
<opcode="store(28) " fcode="store"/>
<opset="StgValue_36/1 "/>
</bind>
</comp>

<comp id="320" class="1004" name="StgValue_37_store_fu_320">
<pin_list>
<pin id="321" dir="0" index="0" bw="1" slack="0"/>
<pin id="322" dir="0" index="1" bw="27" slack="0"/>
<pin id="323" dir="1" index="2" bw="0" slack="2147483647"/>
</pin_list>
<bind>
<opcode="store(28) " fcode="store"/>
<opset="StgValue_37/1 "/>
</bind>
</comp>

<comp id="326" class="1004" name="StgValue_38_store_fu_326">
<pin_list>
<pin id="327" dir="0" index="0" bw="1" slack="0"/>
<pin id="328" dir="0" index="1" bw="27" slack="0"/>
<pin id="329" dir="1" index="2" bw="0" slack="2147483647"/>
</pin_list>
<bind>
<opcode="store(28) " fcode="store"/>
<opset="StgValue_38/1 "/>
</bind>
</comp>

<comp id="332" class="1004" name="StgValue_39_store_fu_332">
<pin_list>
<pin id="333" dir="0" index="0" bw="1" slack="0"/>
<pin id="334" dir="0" index="1" bw="27" slack="0"/>
<pin id="335" dir="1" index="2" bw="0" slack="2147483647"/>
</pin_list>
<bind>
<opcode="store(28) " fcode="store"/>
<opset="StgValue_39/1 "/>
</bind>
</comp>

<comp id="338" class="1004" name="StgValue_40_store_fu_338">
<pin_list>
<pin id="339" dir="0" index="0" bw="1" slack="0"/>
<pin id="340" dir="0" index="1" bw="27" slack="0"/>
<pin id="341" dir="1" index="2" bw="0" slack="2147483647"/>
</pin_list>
<bind>
<opcode="store(28) " fcode="store"/>
<opset="StgValue_40/1 "/>
</bind>
</comp>

<comp id="344" class="1004" name="StgValue_41_store_fu_344">
<pin_list>
<pin id="345" dir="0" index="0" bw="1" slack="0"/>
<pin id="346" dir="0" index="1" bw="27" slack="0"/>
<pin id="347" dir="1" index="2" bw="0" slack="2147483647"/>
</pin_list>
<bind>
<opcode="store(28) " fcode="store"/>
<opset="StgValue_41/1 "/>
</bind>
</comp>

<comp id="350" class="1004" name="StgValue_42_store_fu_350">
<pin_list>
<pin id="351" dir="0" index="0" bw="1" slack="0"/>
<pin id="352" dir="0" index="1" bw="27" slack="0"/>
<pin id="353" dir="1" index="2" bw="0" slack="2147483647"/>
</pin_list>
<bind>
<opcode="store(28) " fcode="store"/>
<opset="StgValue_42/1 "/>
</bind>
</comp>

<comp id="356" class="1004" name="StgValue_43_store_fu_356">
<pin_list>
<pin id="357" dir="0" index="0" bw="1" slack="0"/>
<pin id="358" dir="0" index="1" bw="27" slack="0"/>
<pin id="359" dir="1" index="2" bw="0" slack="2147483647"/>
</pin_list>
<bind>
<opcode="store(28) " fcode="store"/>
<opset="StgValue_43/1 "/>
</bind>
</comp>

<comp id="362" class="1004" name="StgValue_44_store_fu_362">
<pin_list>
<pin id="363" dir="0" index="0" bw="1" slack="0"/>
<pin id="364" dir="0" index="1" bw="27" slack="0"/>
<pin id="365" dir="1" index="2" bw="0" slack="2147483647"/>
</pin_list>
<bind>
<opcode="store(28) " fcode="store"/>
<opset="StgValue_44/1 "/>
</bind>
</comp>

<comp id="368" class="1004" name="StgValue_45_store_fu_368">
<pin_list>
<pin id="369" dir="0" index="0" bw="1" slack="0"/>
<pin id="370" dir="0" index="1" bw="27" slack="0"/>
<pin id="371" dir="1" index="2" bw="0" slack="2147483647"/>
</pin_list>
<bind>
<opcode="store(28) " fcode="store"/>
<opset="StgValue_45/1 "/>
</bind>
</comp>

<comp id="374" class="1004" name="StgValue_46_store_fu_374">
<pin_list>
<pin id="375" dir="0" index="0" bw="1" slack="0"/>
<pin id="376" dir="0" index="1" bw="27" slack="0"/>
<pin id="377" dir="1" index="2" bw="0" slack="2147483647"/>
</pin_list>
<bind>
<opcode="store(28) " fcode="store"/>
<opset="StgValue_46/1 "/>
</bind>
</comp>

<comp id="380" class="1004" name="StgValue_47_store_fu_380">
<pin_list>
<pin id="381" dir="0" index="0" bw="1" slack="0"/>
<pin id="382" dir="0" index="1" bw="27" slack="0"/>
<pin id="383" dir="1" index="2" bw="0" slack="2147483647"/>
</pin_list>
<bind>
<opcode="store(28) " fcode="store"/>
<opset="StgValue_47/1 "/>
</bind>
</comp>

<comp id="386" class="1004" name="StgValue_48_store_fu_386">
<pin_list>
<pin id="387" dir="0" index="0" bw="1" slack="0"/>
<pin id="388" dir="0" index="1" bw="27" slack="0"/>
<pin id="389" dir="1" index="2" bw="0" slack="2147483647"/>
</pin_list>
<bind>
<opcode="store(28) " fcode="store"/>
<opset="StgValue_48/1 "/>
</bind>
</comp>

<comp id="392" class="1004" name="StgValue_49_store_fu_392">
<pin_list>
<pin id="393" dir="0" index="0" bw="1" slack="0"/>
<pin id="394" dir="0" index="1" bw="27" slack="0"/>
<pin id="395" dir="1" index="2" bw="0" slack="2147483647"/>
</pin_list>
<bind>
<opcode="store(28) " fcode="store"/>
<opset="StgValue_49/1 "/>
</bind>
</comp>

<comp id="398" class="1004" name="StgValue_50_store_fu_398">
<pin_list>
<pin id="399" dir="0" index="0" bw="1" slack="0"/>
<pin id="400" dir="0" index="1" bw="27" slack="0"/>
<pin id="401" dir="1" index="2" bw="0" slack="2147483647"/>
</pin_list>
<bind>
<opcode="store(28) " fcode="store"/>
<opset="StgValue_50/1 "/>
</bind>
</comp>

<comp id="404" class="1004" name="StgValue_51_store_fu_404">
<pin_list>
<pin id="405" dir="0" index="0" bw="1" slack="0"/>
<pin id="406" dir="0" index="1" bw="27" slack="0"/>
<pin id="407" dir="1" index="2" bw="0" slack="2147483647"/>
</pin_list>
<bind>
<opcode="store(28) " fcode="store"/>
<opset="StgValue_51/1 "/>
</bind>
</comp>

<comp id="410" class="1004" name="StgValue_52_store_fu_410">
<pin_list>
<pin id="411" dir="0" index="0" bw="1" slack="0"/>
<pin id="412" dir="0" index="1" bw="27" slack="0"/>
<pin id="413" dir="1" index="2" bw="0" slack="2147483647"/>
</pin_list>
<bind>
<opcode="store(28) " fcode="store"/>
<opset="StgValue_52/1 "/>
</bind>
</comp>

<comp id="416" class="1004" name="StgValue_53_store_fu_416">
<pin_list>
<pin id="417" dir="0" index="0" bw="1" slack="0"/>
<pin id="418" dir="0" index="1" bw="27" slack="0"/>
<pin id="419" dir="1" index="2" bw="0" slack="2147483647"/>
</pin_list>
<bind>
<opcode="store(28) " fcode="store"/>
<opset="StgValue_53/1 "/>
</bind>
</comp>

<comp id="422" class="1004" name="StgValue_54_store_fu_422">
<pin_list>
<pin id="423" dir="0" index="0" bw="1" slack="0"/>
<pin id="424" dir="0" index="1" bw="27" slack="0"/>
<pin id="425" dir="1" index="2" bw="0" slack="2147483647"/>
</pin_list>
<bind>
<opcode="store(28) " fcode="store"/>
<opset="StgValue_54/1 "/>
</bind>
</comp>

<comp id="428" class="1004" name="StgValue_55_store_fu_428">
<pin_list>
<pin id="429" dir="0" index="0" bw="1" slack="0"/>
<pin id="430" dir="0" index="1" bw="27" slack="0"/>
<pin id="431" dir="1" index="2" bw="0" slack="2147483647"/>
</pin_list>
<bind>
<opcode="store(28) " fcode="store"/>
<opset="StgValue_55/1 "/>
</bind>
</comp>

</comp_list>

<net_list>
<net id="114"><net_src comp="108" pin="0"/><net_sink comp="110" pin=0"/></net>

<net id="115"><net_src comp="0" pin="0"/><net_sink comp="110" pin=1"/></net>

<net id="120"><net_src comp="108" pin="0"/><net_sink comp="116" pin=0"/></net>

<net id="121"><net_src comp="2" pin="0"/><net_sink comp="116" pin=1"/></net>

<net id="126"><net_src comp="108" pin="0"/><net_sink comp="122" pin=0"/></net>

<net id="127"><net_src comp="4" pin="0"/><net_sink comp="122" pin=1"/></net>

<net id="132"><net_src comp="108" pin="0"/><net_sink comp="128" pin=0"/></net>

<net id="133"><net_src comp="6" pin="0"/><net_sink comp="128" pin=1"/></net>

<net id="138"><net_src comp="108" pin="0"/><net_sink comp="134" pin=0"/></net>

<net id="139"><net_src comp="8" pin="0"/><net_sink comp="134" pin=1"/></net>

<net id="144"><net_src comp="108" pin="0"/><net_sink comp="140" pin=0"/></net>

<net id="145"><net_src comp="10" pin="0"/><net_sink comp="140" pin=1"/></net>

<net id="150"><net_src comp="108" pin="0"/><net_sink comp="146" pin=0"/></net>

<net id="151"><net_src comp="12" pin="0"/><net_sink comp="146" pin=1"/></net>

<net id="156"><net_src comp="108" pin="0"/><net_sink comp="152" pin=0"/></net>

<net id="157"><net_src comp="14" pin="0"/><net_sink comp="152" pin=1"/></net>

<net id="162"><net_src comp="108" pin="0"/><net_sink comp="158" pin=0"/></net>

<net id="163"><net_src comp="16" pin="0"/><net_sink comp="158" pin=1"/></net>

<net id="168"><net_src comp="108" pin="0"/><net_sink comp="164" pin=0"/></net>

<net id="169"><net_src comp="18" pin="0"/><net_sink comp="164" pin=1"/></net>

<net id="174"><net_src comp="108" pin="0"/><net_sink comp="170" pin=0"/></net>

<net id="175"><net_src comp="20" pin="0"/><net_sink comp="170" pin=1"/></net>

<net id="180"><net_src comp="108" pin="0"/><net_sink comp="176" pin=0"/></net>

<net id="181"><net_src comp="22" pin="0"/><net_sink comp="176" pin=1"/></net>

<net id="186"><net_src comp="108" pin="0"/><net_sink comp="182" pin=0"/></net>

<net id="187"><net_src comp="24" pin="0"/><net_sink comp="182" pin=1"/></net>

<net id="192"><net_src comp="108" pin="0"/><net_sink comp="188" pin=0"/></net>

<net id="193"><net_src comp="26" pin="0"/><net_sink comp="188" pin=1"/></net>

<net id="198"><net_src comp="108" pin="0"/><net_sink comp="194" pin=0"/></net>

<net id="199"><net_src comp="28" pin="0"/><net_sink comp="194" pin=1"/></net>

<net id="204"><net_src comp="108" pin="0"/><net_sink comp="200" pin=0"/></net>

<net id="205"><net_src comp="30" pin="0"/><net_sink comp="200" pin=1"/></net>

<net id="210"><net_src comp="108" pin="0"/><net_sink comp="206" pin=0"/></net>

<net id="211"><net_src comp="32" pin="0"/><net_sink comp="206" pin=1"/></net>

<net id="216"><net_src comp="108" pin="0"/><net_sink comp="212" pin=0"/></net>

<net id="217"><net_src comp="34" pin="0"/><net_sink comp="212" pin=1"/></net>

<net id="222"><net_src comp="108" pin="0"/><net_sink comp="218" pin=0"/></net>

<net id="223"><net_src comp="36" pin="0"/><net_sink comp="218" pin=1"/></net>

<net id="228"><net_src comp="108" pin="0"/><net_sink comp="224" pin=0"/></net>

<net id="229"><net_src comp="38" pin="0"/><net_sink comp="224" pin=1"/></net>

<net id="234"><net_src comp="108" pin="0"/><net_sink comp="230" pin=0"/></net>

<net id="235"><net_src comp="40" pin="0"/><net_sink comp="230" pin=1"/></net>

<net id="240"><net_src comp="108" pin="0"/><net_sink comp="236" pin=0"/></net>

<net id="241"><net_src comp="42" pin="0"/><net_sink comp="236" pin=1"/></net>

<net id="246"><net_src comp="108" pin="0"/><net_sink comp="242" pin=0"/></net>

<net id="247"><net_src comp="44" pin="0"/><net_sink comp="242" pin=1"/></net>

<net id="252"><net_src comp="108" pin="0"/><net_sink comp="248" pin=0"/></net>

<net id="253"><net_src comp="46" pin="0"/><net_sink comp="248" pin=1"/></net>

<net id="258"><net_src comp="108" pin="0"/><net_sink comp="254" pin=0"/></net>

<net id="259"><net_src comp="48" pin="0"/><net_sink comp="254" pin=1"/></net>

<net id="264"><net_src comp="108" pin="0"/><net_sink comp="260" pin=0"/></net>

<net id="265"><net_src comp="50" pin="0"/><net_sink comp="260" pin=1"/></net>

<net id="270"><net_src comp="108" pin="0"/><net_sink comp="266" pin=0"/></net>

<net id="271"><net_src comp="52" pin="0"/><net_sink comp="266" pin=1"/></net>

<net id="276"><net_src comp="108" pin="0"/><net_sink comp="272" pin=0"/></net>

<net id="277"><net_src comp="54" pin="0"/><net_sink comp="272" pin=1"/></net>

<net id="282"><net_src comp="108" pin="0"/><net_sink comp="278" pin=0"/></net>

<net id="283"><net_src comp="56" pin="0"/><net_sink comp="278" pin=1"/></net>

<net id="288"><net_src comp="108" pin="0"/><net_sink comp="284" pin=0"/></net>

<net id="289"><net_src comp="58" pin="0"/><net_sink comp="284" pin=1"/></net>

<net id="294"><net_src comp="108" pin="0"/><net_sink comp="290" pin=0"/></net>

<net id="295"><net_src comp="60" pin="0"/><net_sink comp="290" pin=1"/></net>

<net id="300"><net_src comp="108" pin="0"/><net_sink comp="296" pin=0"/></net>

<net id="301"><net_src comp="62" pin="0"/><net_sink comp="296" pin=1"/></net>

<net id="306"><net_src comp="108" pin="0"/><net_sink comp="302" pin=0"/></net>

<net id="307"><net_src comp="64" pin="0"/><net_sink comp="302" pin=1"/></net>

<net id="312"><net_src comp="108" pin="0"/><net_sink comp="308" pin=0"/></net>

<net id="313"><net_src comp="66" pin="0"/><net_sink comp="308" pin=1"/></net>

<net id="318"><net_src comp="108" pin="0"/><net_sink comp="314" pin=0"/></net>

<net id="319"><net_src comp="68" pin="0"/><net_sink comp="314" pin=1"/></net>

<net id="324"><net_src comp="108" pin="0"/><net_sink comp="320" pin=0"/></net>

<net id="325"><net_src comp="70" pin="0"/><net_sink comp="320" pin=1"/></net>

<net id="330"><net_src comp="108" pin="0"/><net_sink comp="326" pin=0"/></net>

<net id="331"><net_src comp="72" pin="0"/><net_sink comp="326" pin=1"/></net>

<net id="336"><net_src comp="108" pin="0"/><net_sink comp="332" pin=0"/></net>

<net id="337"><net_src comp="74" pin="0"/><net_sink comp="332" pin=1"/></net>

<net id="342"><net_src comp="108" pin="0"/><net_sink comp="338" pin=0"/></net>

<net id="343"><net_src comp="76" pin="0"/><net_sink comp="338" pin=1"/></net>

<net id="348"><net_src comp="108" pin="0"/><net_sink comp="344" pin=0"/></net>

<net id="349"><net_src comp="78" pin="0"/><net_sink comp="344" pin=1"/></net>

<net id="354"><net_src comp="108" pin="0"/><net_sink comp="350" pin=0"/></net>

<net id="355"><net_src comp="80" pin="0"/><net_sink comp="350" pin=1"/></net>

<net id="360"><net_src comp="108" pin="0"/><net_sink comp="356" pin=0"/></net>

<net id="361"><net_src comp="82" pin="0"/><net_sink comp="356" pin=1"/></net>

<net id="366"><net_src comp="108" pin="0"/><net_sink comp="362" pin=0"/></net>

<net id="367"><net_src comp="84" pin="0"/><net_sink comp="362" pin=1"/></net>

<net id="372"><net_src comp="108" pin="0"/><net_sink comp="368" pin=0"/></net>

<net id="373"><net_src comp="86" pin="0"/><net_sink comp="368" pin=1"/></net>

<net id="378"><net_src comp="108" pin="0"/><net_sink comp="374" pin=0"/></net>

<net id="379"><net_src comp="88" pin="0"/><net_sink comp="374" pin=1"/></net>

<net id="384"><net_src comp="108" pin="0"/><net_sink comp="380" pin=0"/></net>

<net id="385"><net_src comp="90" pin="0"/><net_sink comp="380" pin=1"/></net>

<net id="390"><net_src comp="108" pin="0"/><net_sink comp="386" pin=0"/></net>

<net id="391"><net_src comp="92" pin="0"/><net_sink comp="386" pin=1"/></net>

<net id="396"><net_src comp="108" pin="0"/><net_sink comp="392" pin=0"/></net>

<net id="397"><net_src comp="94" pin="0"/><net_sink comp="392" pin=1"/></net>

<net id="402"><net_src comp="108" pin="0"/><net_sink comp="398" pin=0"/></net>

<net id="403"><net_src comp="96" pin="0"/><net_sink comp="398" pin=1"/></net>

<net id="408"><net_src comp="108" pin="0"/><net_sink comp="404" pin=0"/></net>

<net id="409"><net_src comp="98" pin="0"/><net_sink comp="404" pin=1"/></net>

<net id="414"><net_src comp="108" pin="0"/><net_sink comp="410" pin=0"/></net>

<net id="415"><net_src comp="100" pin="0"/><net_sink comp="410" pin=1"/></net>

<net id="420"><net_src comp="108" pin="0"/><net_sink comp="416" pin=0"/></net>

<net id="421"><net_src comp="102" pin="0"/><net_sink comp="416" pin=1"/></net>

<net id="426"><net_src comp="108" pin="0"/><net_sink comp="422" pin=0"/></net>

<net id="427"><net_src comp="104" pin="0"/><net_sink comp="422" pin=1"/></net>

<net id="432"><net_src comp="108" pin="0"/><net_sink comp="428" pin=0"/></net>

<net id="433"><net_src comp="106" pin="0"/><net_sink comp="428" pin=1"/></net>

</net_list>

</model> 
---------------- Datapath Model END ------------------

* FSMD analyzer results:
  - Output states:
	Port: p_x_V_0 | {1 }
	Port: p_y_V_0 | {1 }
	Port: p_z_V_0 | {1 }
	Port: p_vx_V_0 | {1 }
	Port: p_vy_V_0 | {1 }
	Port: p_vz_V_0 | {1 }
	Port: p_x_V_1 | {1 }
	Port: p_y_V_1 | {1 }
	Port: p_z_V_1 | {1 }
	Port: p_vx_V_1 | {1 }
	Port: p_vy_V_1 | {1 }
	Port: p_vz_V_1 | {1 }
	Port: p_x_V_2 | {1 }
	Port: p_y_V_2 | {1 }
	Port: p_z_V_2 | {1 }
	Port: p_vx_V_2 | {1 }
	Port: p_vy_V_2 | {1 }
	Port: p_vz_V_2 | {1 }
	Port: p_x_V_3 | {1 }
	Port: p_y_V_3 | {1 }
	Port: p_z_V_3 | {1 }
	Port: p_vx_V_3 | {1 }
	Port: p_vy_V_3 | {1 }
	Port: p_vz_V_3 | {1 }
	Port: p_x_V_4 | {1 }
	Port: p_y_V_4 | {1 }
	Port: p_z_V_4 | {1 }
	Port: p_vx_V_4 | {1 }
	Port: p_vy_V_4 | {1 }
	Port: p_vz_V_4 | {1 }
	Port: p_x_V_5 | {1 }
	Port: p_y_V_5 | {1 }
	Port: p_z_V_5 | {1 }
	Port: p_vx_V_5 | {1 }
	Port: p_vy_V_5 | {1 }
	Port: p_vz_V_5 | {1 }
	Port: p_x_V_6 | {1 }
	Port: p_y_V_6 | {1 }
	Port: p_z_V_6 | {1 }
	Port: p_vx_V_6 | {1 }
	Port: p_vy_V_6 | {1 }
	Port: p_vz_V_6 | {1 }
	Port: p_x_V_7 | {1 }
	Port: p_y_V_7 | {1 }
	Port: p_z_V_7 | {1 }
	Port: p_vx_V_7 | {1 }
	Port: p_vy_V_7 | {1 }
	Port: p_vz_V_7 | {1 }
	Port: p_x_V_8 | {1 }
	Port: p_y_V_8 | {1 }
	Port: p_z_V_8 | {1 }
	Port: p_vx_V_8 | {1 }
	Port: p_vy_V_8 | {1 }
	Port: p_vz_V_8 | {1 }
 - Input state : 
	Port: to_double : p_x_V_0 | {}
	Port: to_double : p_y_V_0 | {}
	Port: to_double : p_z_V_0 | {}
	Port: to_double : p_vx_V_0 | {}
	Port: to_double : p_vy_V_0 | {}
	Port: to_double : p_vz_V_0 | {}
	Port: to_double : p_x_V_1 | {}
	Port: to_double : p_y_V_1 | {}
	Port: to_double : p_z_V_1 | {}
	Port: to_double : p_vx_V_1 | {}
	Port: to_double : p_vy_V_1 | {}
	Port: to_double : p_vz_V_1 | {}
	Port: to_double : p_x_V_2 | {}
	Port: to_double : p_y_V_2 | {}
	Port: to_double : p_z_V_2 | {}
	Port: to_double : p_vx_V_2 | {}
	Port: to_double : p_vy_V_2 | {}
	Port: to_double : p_vz_V_2 | {}
	Port: to_double : p_x_V_3 | {}
	Port: to_double : p_y_V_3 | {}
	Port: to_double : p_z_V_3 | {}
	Port: to_double : p_vx_V_3 | {}
	Port: to_double : p_vy_V_3 | {}
	Port: to_double : p_vz_V_3 | {}
	Port: to_double : p_x_V_4 | {}
	Port: to_double : p_y_V_4 | {}
	Port: to_double : p_z_V_4 | {}
	Port: to_double : p_vx_V_4 | {}
	Port: to_double : p_vy_V_4 | {}
	Port: to_double : p_vz_V_4 | {}
	Port: to_double : p_x_V_5 | {}
	Port: to_double : p_y_V_5 | {}
	Port: to_double : p_z_V_5 | {}
	Port: to_double : p_vx_V_5 | {}
	Port: to_double : p_vy_V_5 | {}
	Port: to_double : p_vz_V_5 | {}
	Port: to_double : p_x_V_6 | {}
	Port: to_double : p_y_V_6 | {}
	Port: to_double : p_z_V_6 | {}
	Port: to_double : p_vx_V_6 | {}
	Port: to_double : p_vy_V_6 | {}
	Port: to_double : p_vz_V_6 | {}
	Port: to_double : p_x_V_7 | {}
	Port: to_double : p_y_V_7 | {}
	Port: to_double : p_z_V_7 | {}
	Port: to_double : p_vx_V_7 | {}
	Port: to_double : p_vy_V_7 | {}
	Port: to_double : p_vz_V_7 | {}
	Port: to_double : p_x_V_8 | {}
	Port: to_double : p_y_V_8 | {}
	Port: to_double : p_z_V_8 | {}
	Port: to_double : p_vx_V_8 | {}
	Port: to_double : p_vy_V_8 | {}
	Port: to_double : p_vz_V_8 | {}
  - Chain level:
	State 1


============================================================
+ Verbose Summary: Datapath Resource usage 
============================================================

* Functional unit list:
|----------|----------------|
| Operation| Functional Unit|
|----------|----------------|
|   Total  |                |
|----------|----------------|

Memories:
N/A

* Register list:
N/A

* Multiplexer (MUX) list: 
|--------|------|------|------|--------|
|  Comp  |  Pin | Size |  BW  | S x BW |
|--------|------|------|------|--------|
|  Total |      |      |      |    0   |
|--------|------|------|------|--------|



* Summary:
+-----------+
|           |
+-----------+
|  Function |
|   Memory  |
|Multiplexer|
|  Register |
+-----------+
|   Total   |
+-----------+
